
> knowgrow@0.0.0 build
> vite build

[36mvite v6.3.6 [32mbuilding for production...[36m[39m
transforming...
[32mΓ£ô[39m 2282 modules transformed.
rendering chunks...
computing gzip size...
[2mdist/[22m[32mindex.html                                 [39m[1m[2m  9.39 kB[22m[1m[22m[2m Γöé gzip:   2.64 kB[22m
[2mdist/[22m[36massets/JsLet-DOo8Hkb5.js                   [39m[1m[2m  0.11 kB[22m[1m[22m[2m Γöé gzip:   0.12 kB[22m
[2mdist/[22m[36massets/SqlOr-BuMO5Gcq.js                   [39m[1m[2m  0.11 kB[22m[1m[22m[2m Γöé gzip:   0.12 kB[22m
[2mdist/[22m[36massets/SqlIn-SSkkxAZa.js                   [39m[1m[2m  0.11 kB[22m[1m[22m[2m Γöé gzip:   0.12 kB[22m
[2mdist/[22m[36massets/JsHome-Cu-L7Wcf.js                  [39m[1m[2m  0.11 kB[22m[1m[22m[2m Γöé gzip:   0.12 kB[22m
[2mdist/[22m[36massets/JsMath-6OHJ-iXB.js                  [39m[1m[2m  0.11 kB[22m[1m[22m[2m Γöé gzip:   0.12 kB[22m
[2mdist/[22m[36massets/JsSets-BeYM2G_w.js                  [39m[1m[2m  0.11 kB[22m[1m[22m[2m Γöé gzip:   0.12 kB[22m
[2mdist/[22m[36massets/JsMaps-B2SbEnfl.js                  [39m[1m[2m  0.11 kB[22m[1m[22m[2m Γöé gzip:   0.12 kB[22m
[2mdist/[22m[36massets/DomCss-u62IGPzp.js                  [39m[1m[2m  0.11 kB[22m[1m[22m[2m Γöé gzip:   0.12 kB[22m
[2mdist/[22m[36massets/SqlAnd-DeejoQya.js                  [39m[1m[2m  0.11 kB[22m[1m[22m[2m Γöé gzip:   0.12 kB[22m
[2mdist/[22m[36massets/SqlNot-BewqGk_1.js                  [39m[1m[2m  0.11 kB[22m[1m[22m[2m Γöé gzip:   0.12 kB[22m
[2mdist/[22m[36massets/SqlSum-BLd0nm8t.js                  [39m[1m[2m  0.11 kB[22m[1m[22m[2m Γöé gzip:   0.12 kB[22m
[2mdist/[22m[36massets/SqlAvg-BKPOVN0r.js                  [39m[1m[2m  0.11 kB[22m[1m[22m[2m Γöé gzip:   0.12 kB[22m
[2mdist/[22m[36massets/JsConst-Bsi7Raa-.js                 [39m[1m[2m  0.11 kB[22m[1m[22m[2m Γöé gzip:   0.12 kB[22m
[2mdist/[22m[36massets/JsDates-C0i-kSWl.js                 [39m[1m[2m  0.11 kB[22m[1m[22m[2m Γöé gzip:   0.12 kB[22m
[2mdist/[22m[36massets/JsLoops-B6hz3ifC.js                 [39m[1m[2m  0.11 kB[22m[1m[22m[2m Γöé gzip:   0.12 kB[22m
[2mdist/[22m[36massets/JsBreak-5WgjRsBd.js                 [39m[1m[2m  0.11 kB[22m[1m[22m[2m Γöé gzip:   0.12 kB[22m
[2mdist/[22m[36massets/JsScope-DqJ-MDcx.js                 [39m[1m[2m  0.11 kB[22m[1m[22m[2m Γöé gzip:   0.12 kB[22m
[2mdist/[22m[36massets/DomHtml-cY9jXCz8.js                 [39m[1m[2m  0.11 kB[22m[1m[22m[2m Γöé gzip:   0.12 kB[22m
[2mdist/[22m[36massets/AjaxPhp-D8gj1Tdw.js                 [39m[1m[2m  0.11 kB[22m[1m[22m[2m Γöé gzip:   0.12 kB[22m
[2mdist/[22m[36massets/AjaxAsp-BVy5Nji6.js                 [39m[1m[2m  0.11 kB[22m[1m[22m[2m Γöé gzip:   0.12 kB[22m
[2mdist/[22m[36massets/JsonPhp-BxGQUKyG.js                 [39m[1m[2m  0.11 kB[22m[1m[22m[2m Γöé gzip:   0.12 kB[22m
[2mdist/[22m[36massets/JsD3Js-BNxnl3F4.js                  [39m[1m[2m  0.11 kB[22m[1m[22m[2m Γöé gzip:   0.12 kB[22m
[2mdist/[22m[36massets/SqlHome-BqEusvxt.js                 [39m[1m[2m  0.11 kB[22m[1m[22m[2m Γöé gzip:   0.12 kB[22m
[2mdist/[22m[36massets/SqlLike-CLyuQ5uK.js                 [39m[1m[2m  0.11 kB[22m[1m[22m[2m Γöé gzip:   0.12 kB[22m
[2mdist/[22m[36massets/SqlCase-CB5onee5.js                 [39m[1m[2m  0.11 kB[22m[1m[22m[2m Γöé gzip:   0.12 kB[22m
[2mdist/[22m[36massets/CssGridItem-CvX3ukIE.js             [39m[1m[2m  0.11 kB[22m[1m[22m[2m Γöé gzip:   0.12 kB[22m
[2mdist/[22m[36massets/CssRwdIntro-B8X-EO-u.js             [39m[1m[2m  0.11 kB[22m[1m[22m[2m Γöé gzip:   0.12 kB[22m
[2mdist/[22m[36massets/JsOutput-DAQtODXf.js                [39m[1m[2m  0.11 kB[22m[1m[22m[2m Γöé gzip:   0.12 kB[22m
[2mdist/[22m[36massets/JsSyntax-argXGOZ8.js                [39m[1m[2m  0.11 kB[22m[1m[22m[2m Γöé gzip:   0.12 kB[22m
[2mdist/[22m[36massets/JsEvents-DjqBYbLN.js                [39m[1m[2m  0.11 kB[22m[1m[22m[2m Γöé gzip:   0.12 kB[22m
[2mdist/[22m[36massets/JsArrays-Dvf2RQFg.js                [39m[1m[2m  0.11 kB[22m[1m[22m[2m Γöé gzip:   0.12 kB[22m
[2mdist/[22m[36massets/JsSwitch-Co6wNzT3.js                [39m[1m[2m  0.11 kB[22m[1m[22m[2m Γöé gzip:   0.12 kB[22m
[2mdist/[22m[36massets/JsErrors-B8DbYL3T.js                [39m[1m[2m  0.11 kB[22m[1m[22m[2m Γöé gzip:   0.12 kB[22m
[2mdist/[22m[36massets/JsTypeof-CKBXrCUD.js                [39m[1m[2m  0.11 kB[22m[1m[22m[2m Γöé gzip:   0.12 kB[22m
[2mdist/[22m[36massets/JsRandom-BuIHf1Uj.js                [39m[1m[2m  0.11 kB[22m[1m[22m[2m Γöé gzip:   0.12 kB[22m
[2mdist/[22m[36massets/JsBigInt-OEejtj3G.js                [39m[1m[2m  0.11 kB[22m[1m[22m[2m Γöé gzip:   0.12 kB[22m
[2mdist/[22m[36massets/JsRegExp-Dx0bDFHy.js                [39m[1m[2m  0.11 kB[22m[1m[22m[2m Γöé gzip:   0.12 kB[22m
[2mdist/[22m[36massets/JsScopes-DqmHVf-R.js                [39m[1m[2m  0.11 kB[22m[1m[22m[2m Γöé gzip:   0.12 kB[22m
[2mdist/[22m[36massets/DomIntro-CvKh15vm.js                [39m[1m[2m  0.11 kB[22m[1m[22m[2m Γöé gzip:   0.12 kB[22m
[2mdist/[22m[36massets/DomForms-CtS13hrW.js                [39m[1m[2m  0.11 kB[22m[1m[22m[2m Γöé gzip:   0.12 kB[22m
[2mdist/[22m[36massets/DomNodes-CQKiotCF.js                [39m[1m[2m  0.11 kB[22m[1m[22m[2m Γöé gzip:   0.12 kB[22m
[2mdist/[22m[36massets/JsWindow-BDzMAQKN.js                [39m[1m[2m  0.11 kB[22m[1m[22m[2m Γöé gzip:   0.12 kB[22m
[2mdist/[22m[36massets/JsScreen-C4rRsOkb.js                [39m[1m[2m  0.11 kB[22m[1m[22m[2m Γöé gzip:   0.12 kB[22m
[2mdist/[22m[36massets/JsTiming-CNNmIxNf.js                [39m[1m[2m  0.11 kB[22m[1m[22m[2m Γöé gzip:   0.12 kB[22m
[2mdist/[22m[36massets/JsonHtml-1IG-HiUe.js                [39m[1m[2m  0.11 kB[22m[1m[22m[2m Γöé gzip:   0.12 kB[22m
[2mdist/[22m[36massets/JsCanvas-IoWVmtcc.js                [39m[1m[2m  0.11 kB[22m[1m[22m[2m Γöé gzip:   0.12 kB[22m
[2mdist/[22m[36massets/JsPlotly-Djvxg6kx.js                [39m[1m[2m  0.11 kB[22m[1m[22m[2m Γöé gzip:   0.12 kB[22m
[2mdist/[22m[36massets/SqlIntro-CIa22svW.js                [39m[1m[2m  0.11 kB[22m[1m[22m[2m Γöé gzip:   0.12 kB[22m
[2mdist/[22m[36massets/SqlWhere-BJn6kb3X.js                [39m[1m[2m  0.11 kB[22m[1m[22m[2m Γöé gzip:   0.12 kB[22m
[2mdist/[22m[36massets/SqlCount-DjRtn_Ps.js                [39m[1m[2m  0.11 kB[22m[1m[22m[2m Γöé gzip:   0.12 kB[22m
[2mdist/[22m[36massets/SqlJoins-Crz4UAfx.js                [39m[1m[2m  0.11 kB[22m[1m[22m[2m Γöé gzip:   0.12 kB[22m
[2mdist/[22m[36massets/SqlUnion-CIy_8T_y.js                [39m[1m[2m  0.11 kB[22m[1m[22m[2m Γöé gzip:   0.12 kB[22m
[2mdist/[22m[36massets/SqlCheck-BP_UUvDZ.js                [39m[1m[2m  0.11 kB[22m[1m[22m[2m Γöé gzip:   0.12 kB[22m
[2mdist/[22m[36massets/SqlIndex-CJtgfR9C.js                [39m[1m[2m  0.11 kB[22m[1m[22m[2m Γöé gzip:   0.12 kB[22m
[2mdist/[22m[36massets/SqlDates-D3yuhX-q.js                [39m[1m[2m  0.11 kB[22m[1m[22m[2m Γöé gzip:   0.12 kB[22m
[2mdist/[22m[36massets/SqlViews-l84j4P3o.js                [39m[1m[2m  0.11 kB[22m[1m[22m[2m Γöé gzip:   0.12 kB[22m
[2mdist/[22m[36massets/CssFlexItems-BO7Mh6Si.js            [39m[1m[2m  0.11 kB[22m[1m[22m[2m Γöé gzip:   0.12 kB[22m
[2mdist/[22m[36massets/CssGridIntro-DVdXLgIL.js            [39m[1m[2m  0.11 kB[22m[1m[22m[2m Γöé gzip:   0.12 kB[22m
[2mdist/[22m[36massets/CssGridLines-DVin4Zbl.js            [39m[1m[2m  0.11 kB[22m[1m[22m[2m Γöé gzip:   0.12 kB[22m
[2mdist/[22m[36massets/CssRwdImages-CNXcEw2o.js            [39m[1m[2m  0.11 kB[22m[1m[22m[2m Γöé gzip:   0.12 kB[22m
[2mdist/[22m[36massets/CssRwdVideos-8aR5uti4.js            [39m[1m[2m  0.11 kB[22m[1m[22m[2m Γöé gzip:   0.12 kB[22m
[2mdist/[22m[36massets/JsObjects-CkhEMLbZ.js               [39m[1m[2m  0.11 kB[22m[1m[22m[2m Γöé gzip:   0.12 kB[22m
[2mdist/[22m[36massets/JsStrings-DaFNY3tk.js               [39m[1m[2m  0.11 kB[22m[1m[22m[2m Γöé gzip:   0.12 kB[22m
[2mdist/[22m[36massets/JsNumbers-Br0byoe1.js               [39m[1m[2m  0.11 kB[22m[1m[22m[2m Γöé gzip:   0.12 kB[22m
[2mdist/[22m[36massets/JsLogical-CEfwyRAY.js               [39m[1m[2m  0.11 kB[22m[1m[22m[2m Γöé gzip:   0.12 kB[22m
[2mdist/[22m[36massets/JsIfElse-Bzji8pUP.js                [39m[1m[2m  0.11 kB[22m[1m[22m[2m Γöé gzip:   0.12 kB[22m
[2mdist/[22m[36massets/JsBitwise-DmqC8D-5.js               [39m[1m[2m  0.11 kB[22m[1m[22m[2m Γöé gzip:   0.12 kB[22m
[2mdist/[22m[36massets/JsClasses-DosdxqJz.js               [39m[1m[2m  0.11 kB[22m[1m[22m[2m Γöé gzip:   0.12 kB[22m
[2mdist/[22m[36massets/JsModules-B85Zjr-J.js               [39m[1m[2m  0.11 kB[22m[1m[22m[2m Γöé gzip:   0.12 kB[22m
[2mdist/[22m[36massets/JsHistory-BQwy9JU7.js               [39m[1m[2m  0.11 kB[22m[1m[22m[2m Γöé gzip:   0.12 kB[22m
[2mdist/[22m[36massets/JsCookies-LXN6wq2y.js               [39m[1m[2m  0.11 kB[22m[1m[22m[2m Γöé gzip:   0.12 kB[22m
[2mdist/[22m[36massets/AjaxIntro-BZS--tZq.js               [39m[1m[2m  0.11 kB[22m[1m[22m[2m Γöé gzip:   0.12 kB[22m
[2mdist/[22m[36massets/JsonIntro-Cfa4LoVi.js               [39m[1m[2m  0.11 kB[22m[1m[22m[2m Γöé gzip:   0.12 kB[22m
[2mdist/[22m[36massets/JsonParse-CcfzPWSZ.js               [39m[1m[2m  0.11 kB[22m[1m[22m[2m Γöé gzip:   0.12 kB[22m
[2mdist/[22m[36massets/JsonJsonp-DwaBB2ky.js               [39m[1m[2m  0.11 kB[22m[1m[22m[2m Γöé gzip:   0.12 kB[22m
[2mdist/[22m[36massets/JqueryCss-D3DkxR5u.js               [39m[1m[2m  0.11 kB[22m[1m[22m[2m Γöé gzip:   0.12 kB[22m
[2mdist/[22m[36massets/JqueryDom-en258to0.js               [39m[1m[2m  0.11 kB[22m[1m[22m[2m Γöé gzip:   0.12 kB[22m
[2mdist/[22m[36massets/SqlSyntax-DNO0JS-0.js               [39m[1m[2m  0.11 kB[22m[1m[22m[2m Γöé gzip:   0.12 kB[22m
[2mdist/[22m[36massets/SqlSelect-Dh_x8z0K.js               [39m[1m[2m  0.11 kB[22m[1m[22m[2m Γöé gzip:   0.12 kB[22m
[2mdist/[22m[36massets/SqlUpdate-Cycz8AyK.js               [39m[1m[2m  0.11 kB[22m[1m[22m[2m Γöé gzip:   0.12 kB[22m
[2mdist/[22m[36massets/SqlDelete-CEntkd7c.js               [39m[1m[2m  0.11 kB[22m[1m[22m[2m Γöé gzip:   0.12 kB[22m
[2mdist/[22m[36massets/SqlHaving-BcV70G_7.js               [39m[1m[2m  0.11 kB[22m[1m[22m[2m Γöé gzip:   0.12 kB[22m
[2mdist/[22m[36massets/SqlExists-D1SVtOX5.js               [39m[1m[2m  0.11 kB[22m[1m[22m[2m Γöé gzip:   0.12 kB[22m
[2mdist/[22m[36massets/SqlUnique-CNe5DFEY.js               [39m[1m[2m  0.11 kB[22m[1m[22m[2m Γöé gzip:   0.12 kB[22m
[2mdist/[22m[36massets/SqlEditor-Dxp_8PYg.js               [39m[1m[2m  0.11 kB[22m[1m[22m[2m Γöé gzip:   0.12 kB[22m
[2mdist/[22m[36massets/SqlServer-FmUoLVzP.js               [39m[1m[2m  0.11 kB[22m[1m[22m[2m Γöé gzip:   0.12 kB[22m
[2mdist/[22m[36massets/PythonOOP-Brna1Cl3.js               [39m[1m[2m  0.11 kB[22m[1m[22m[2m Γöé gzip:   0.12 kB[22m
[2mdist/[22m[36massets/PythonPIP-BR7_R2mo.js               [39m[1m[2m  0.11 kB[22m[1m[22m[2m Γöé gzip:   0.12 kB[22m
[2mdist/[22m[36massets/CssMasking-DMgmwRiJ.js              [39m[1m[2m  0.11 kB[22m[1m[22m[2m Γöé gzip:   0.13 kB[22m
[2mdist/[22m[36massets/CssButtons-BrHeMUZD.js              [39m[1m[2m  0.11 kB[22m[1m[22m[2m Γöé gzip:   0.13 kB[22m
[2mdist/[22m[36massets/JsWhereTo-Cd72qgHR.js               [39m[1m[2m  0.11 kB[22m[1m[22m[2m Γöé gzip:   0.13 kB[22m
[2mdist/[22m[36massets/JsComments-IrXVGSUO.js              [39m[1m[2m  0.11 kB[22m[1m[22m[2m Γöé gzip:   0.13 kB[22m
[2mdist/[22m[36massets/JsBooleans-CioHTflX.js              [39m[1m[2m  0.11 kB[22m[1m[22m[2m Γöé gzip:   0.13 kB[22m
[2mdist/[22m[36massets/JsContinue-BpYg7doy.js              [39m[1m[2m  0.11 kB[22m[1m[22m[2m Γöé gzip:   0.13 kB[22m
[2mdist/[22m[36massets/JsDateGet-BdXHTKsE.js               [39m[1m[2m  0.11 kB[22m[1m[22m[2m Γöé gzip:   0.13 kB[22m
[2mdist/[22m[36massets/JsDateSet-BTK_Yzsr.js               [39m[1m[2m  0.11 kB[22m[1m[22m[2m Γöé gzip:   0.13 kB[22m
[2mdist/[22m[36massets/JsObjectThis-BfuuGkGa.js            [39m[1m[2m  0.11 kB[22m[1m[22m[2m Γöé gzip:   0.13 kB[22m
[2mdist/[22m[36massets/JsLoopFor-Idx-PB_J.js               [39m[1m[2m  0.11 kB[22m[1m[22m[2m Γöé gzip:   0.13 kB[22m
[2mdist/[22m[36massets/JsPromises-B5zx7QBP.js              [39m[1m[2m  0.11 kB[22m[1m[22m[2m Γöé gzip:   0.13 kB[22m
[2mdist/[22m[36massets/JsHoisting-C7uQaw5U.js              [39m[1m[2m  0.11 kB[22m[1m[22m[2m Γöé gzip:   0.13 kB[22m
[2mdist/[22m[36massets/JsMistakes-D6O0clut.js              [39m[1m[2m  0.11 kB[22m[1m[22m[2m Γöé gzip:   0.13 kB[22m
[2mdist/[22m[36massets/DomMethods-sgEDhD0E.js              [39m[1m[2m  0.11 kB[22m[1m[22m[2m Γöé gzip:   0.13 kB[22m
[2mdist/[22m[36massets/JsLocation-DD-AApdL.js              [39m[1m[2m  0.11 kB[22m[1m[22m[2m Γöé gzip:   0.13 kB[22m
[2mdist/[22m[36massets/JsonSyntax-BVB2kLkb.js              [39m[1m[2m  0.11 kB[22m[1m[22m[2m Γöé gzip:   0.13 kB[22m
[2mdist/[22m[36massets/JsonVsXml-SNBp5nv6.js               [39m[1m[2m  0.11 kB[22m[1m[22m[2m Γöé gzip:   0.13 kB[22m
[2mdist/[22m[36massets/JsonArrays-DsJ1OsL5.js              [39m[1m[2m  0.11 kB[22m[1m[22m[2m Γöé gzip:   0.13 kB[22m
[2mdist/[22m[36massets/JsonServer-CUngEXPs.js              [39m[1m[2m  0.11 kB[22m[1m[22m[2m Γöé gzip:   0.13 kB[22m
[2mdist/[22m[36massets/JqueryHtml-Buzv4mRv.js              [39m[1m[2m  0.11 kB[22m[1m[22m[2m Γöé gzip:   0.13 kB[22m
[2mdist/[22m[36massets/JsGraphics-BCIMKlMj.js              [39m[1m[2m  0.11 kB[22m[1m[22m[2m Γöé gzip:   0.13 kB[22m
[2mdist/[22m[36massets/JsChartJs-D1KBGCyL.js               [39m[1m[2m  0.11 kB[22m[1m[22m[2m Γöé gzip:   0.12 kB[22m
[2mdist/[22m[36massets/SqlBetween-BE-0plu0.js              [39m[1m[2m  0.11 kB[22m[1m[22m[2m Γöé gzip:   0.13 kB[22m
[2mdist/[22m[36massets/SqlAliases-DTHnL_RR.js              [39m[1m[2m  0.11 kB[22m[1m[22m[2m Γöé gzip:   0.13 kB[22m
[2mdist/[22m[36massets/SqlDropDb-DDgWb481.js               [39m[1m[2m  0.11 kB[22m[1m[22m[2m Γöé gzip:   0.13 kB[22m
[2mdist/[22m[36massets/SqlDefault-C-huM0Co.js              [39m[1m[2m  0.11 kB[22m[1m[22m[2m Γöé gzip:   0.12 kB[22m
[2mdist/[22m[36massets/SqlHosting-_SCAkUZQ.js              [39m[1m[2m  0.11 kB[22m[1m[22m[2m Γöé gzip:   0.13 kB[22m
[2mdist/[22m[36massets/PythonHome-7XiIL7Cc.js              [39m[1m[2m  0.11 kB[22m[1m[22m[2m Γöé gzip:   0.13 kB[22m
[2mdist/[22m[36massets/PythonSets-BpyJDzwU.js              [39m[1m[2m  0.11 kB[22m[1m[22m[2m Γöé gzip:   0.13 kB[22m
[2mdist/[22m[36massets/PythonMath-CTtwBJVB.js              [39m[1m[2m  0.11 kB[22m[1m[22m[2m Γöé gzip:   0.13 kB[22m
[2mdist/[22m[36massets/PythonJSON-DrQTMvuh.js              [39m[1m[2m  0.11 kB[22m[1m[22m[2m Γöé gzip:   0.13 kB[22m
[2mdist/[22m[36massets/PythonNone-CJEcwyDz.js              [39m[1m[2m  0.11 kB[22m[1m[22m[2m Γöé gzip:   0.12 kB[22m
[2mdist/[22m[36massets/CssTooltips-CXPVMTF7.js             [39m[1m[2m  0.11 kB[22m[1m[22m[2m Γöé gzip:   0.13 kB[22m
[2mdist/[22m[36massets/CssRwdViewport-dDi6vmuf.js          [39m[1m[2m  0.11 kB[22m[1m[22m[2m Γöé gzip:   0.12 kB[22m
[2mdist/[22m[36massets/JsVariables-V08is-EX.js             [39m[1m[2m  0.11 kB[22m[1m[22m[2m Γöé gzip:   0.13 kB[22m
[2mdist/[22m[36massets/JsOperators-CXmfzBov.js             [39m[1m[2m  0.11 kB[22m[1m[22m[2m Γöé gzip:   0.13 kB[22m
[2mdist/[22m[36massets/JsFunctions-D6_xMD0x.js             [39m[1m[2m  0.11 kB[22m[1m[22m[2m Γöé gzip:   0.13 kB[22m
[2mdist/[22m[36massets/JsSetLogic-B36Vptc3.js              [39m[1m[2m  0.11 kB[22m[1m[22m[2m Γöé gzip:   0.13 kB[22m
[2mdist/[22m[36massets/JsIterables-CtVl1N9z.js             [39m[1m[2m  0.11 kB[22m[1m[22m[2m Γöé gzip:   0.13 kB[22m
[2mdist/[22m[36massets/JsIterators-CDVHgul9.js             [39m[1m[2m  0.11 kB[22m[1m[22m[2m Γöé gzip:   0.13 kB[22m
[2mdist/[22m[36massets/JsCallbacks-BVjYXXit.js             [39m[1m[2m  0.11 kB[22m[1m[22m[2m Γöé gzip:   0.13 kB[22m
[2mdist/[22m[36massets/JsDebugging-DxXW7rKf.js             [39m[1m[2m  0.11 kB[22m[1m[22m[2m Γöé gzip:   0.13 kB[22m
[2mdist/[22m[36massets/DomDocument-BfH3jyJi.js             [39m[1m[2m  0.11 kB[22m[1m[22m[2m Γöé gzip:   0.13 kB[22m
[2mdist/[22m[36massets/DomElements-BJhvs1iz.js             [39m[1m[2m  0.11 kB[22m[1m[22m[2m Γöé gzip:   0.13 kB[22m
[2mdist/[22m[36massets/JsNavigator-0Dlj3BkT.js             [39m[1m[2m  0.11 kB[22m[1m[22m[2m Γöé gzip:   0.13 kB[22m
[2mdist/[22m[36massets/AjaxXmlHttp-CogujWev.js             [39m[1m[2m  0.11 kB[22m[1m[22m[2m Γöé gzip:   0.13 kB[22m
[2mdist/[22m[36massets/AjaxRequest-aWKl7Huy.js             [39m[1m[2m  0.11 kB[22m[1m[22m[2m Γöé gzip:   0.13 kB[22m
[2mdist/[22m[36massets/JsonObjects-2Vp4BqRo.js             [39m[1m[2m  0.11 kB[22m[1m[22m[2m Γöé gzip:   0.13 kB[22m
[2mdist/[22m[36massets/SqlOrderBy-FEXen5po.js              [39m[1m[2m  0.11 kB[22m[1m[22m[2m Γöé gzip:   0.13 kB[22m
[2mdist/[22m[36massets/SqlGroupBy-4Aut2qi6.js              [39m[1m[2m  0.11 kB[22m[1m[22m[2m Γöé gzip:   0.13 kB[22m
[2mdist/[22m[36massets/SqlAnyAll-BRpyTymT.js               [39m[1m[2m  0.11 kB[22m[1m[22m[2m Γöé gzip:   0.13 kB[22m
[2mdist/[22m[36massets/SqlComments-DvYUHabC.js             [39m[1m[2m  0.11 kB[22m[1m[22m[2m Γöé gzip:   0.13 kB[22m
[2mdist/[22m[36massets/SqlNotNull-AbKXb8dp.js              [39m[1m[2m  0.11 kB[22m[1m[22m[2m Γöé gzip:   0.13 kB[22m
[2mdist/[22m[36massets/SqlKeywords-BEmRpkSK.js             [39m[1m[2m  0.11 kB[22m[1m[22m[2m Γöé gzip:   0.13 kB[22m
[2mdist/[22m[36massets/SqlExamples-Cb4zgHt4.js             [39m[1m[2m  0.11 kB[22m[1m[22m[2m Γöé gzip:   0.13 kB[22m
[2mdist/[22m[36massets/SqlSyllabus-BpBeadfX.js             [39m[1m[2m  0.11 kB[22m[1m[22m[2m Γöé gzip:   0.13 kB[22m
[2mdist/[22m[36massets/SqlBootcamp-g9pPA7bO.js             [39m[1m[2m  0.11 kB[22m[1m[22m[2m Γöé gzip:   0.13 kB[22m
[2mdist/[22m[36massets/SqlTraining-VUa-UwkH.js             [39m[1m[2m  0.11 kB[22m[1m[22m[2m Γöé gzip:   0.13 kB[22m
[2mdist/[22m[36massets/PythonIntro-DNRQKXWW.js             [39m[1m[2m  0.11 kB[22m[1m[22m[2m Γöé gzip:   0.13 kB[22m
[2mdist/[22m[36massets/PythonLists-DGrZLBc2.js             [39m[1m[2m  0.11 kB[22m[1m[22m[2m Γöé gzip:   0.13 kB[22m
[2mdist/[22m[36massets/PythonMatch-J3Tidecn.js             [39m[1m[2m  0.11 kB[22m[1m[22m[2m Γöé gzip:   0.13 kB[22m
[2mdist/[22m[36massets/PythonRange-_n8hi056.js             [39m[1m[2m  0.11 kB[22m[1m[22m[2m Γöé gzip:   0.13 kB[22m
[2mdist/[22m[36massets/PythonScope-CU6p4iQe.js             [39m[1m[2m  0.11 kB[22m[1m[22m[2m Γöé gzip:   0.13 kB[22m
[2mdist/[22m[36massets/PythonDates-rbsL5PZc.js             [39m[1m[2m  0.11 kB[22m[1m[22m[2m Γöé gzip:   0.13 kB[22m
[2mdist/[22m[36massets/PythonRegEx-fOZoHKln.js             [39m[1m[2m  0.11 kB[22m[1m[22m[2m Γöé gzip:   0.13 kB[22m
[2mdist/[22m[36massets/CssProperty-3J8y6p8O.js             [39m[1m[2m  0.11 kB[22m[1m[22m[2m Γöé gzip:   0.13 kB[22m
[2mdist/[22m[36massets/CssFlexboxIntro-CnAhaeAY.js         [39m[1m[2m  0.11 kB[22m[1m[22m[2m Γöé gzip:   0.13 kB[22m
[2mdist/[22m[36massets/CssSupports-Dtd6rw3M.js             [39m[1m[2m  0.11 kB[22m[1m[22m[2m Γöé gzip:   0.13 kB[22m
[2mdist/[22m[36massets/CssRwdGridView-amchCGiZ.js          [39m[1m[2m  0.11 kB[22m[1m[22m[2m Γöé gzip:   0.13 kB[22m
[2mdist/[22m[36massets/CssRwdTemplates-DSClQSug.js         [39m[1m[2m  0.11 kB[22m[1m[22m[2m Γöé gzip:   0.13 kB[22m
[2mdist/[22m[36massets/CssSassTutorial-BV2c4_ZI.js         [39m[1m[2m  0.11 kB[22m[1m[22m[2m Γöé gzip:   0.13 kB[22m
[2mdist/[22m[36massets/JsStatements-Cjj3sKOd.js            [39m[1m[2m  0.11 kB[22m[1m[22m[2m Γöé gzip:   0.13 kB[22m
[2mdist/[22m[36massets/JsDataTypes-BsEoLGil.js             [39m[1m[2m  0.11 kB[22m[1m[22m[2m Γöé gzip:   0.13 kB[22m
[2mdist/[22m[36massets/JsArithmetic-B8p9YIKG.js            [39m[1m[2m  0.11 kB[22m[1m[22m[2m Γöé gzip:   0.13 kB[22m
[2mdist/[22m[36massets/JsAssignment-CyZusTzS.js            [39m[1m[2m  0.11 kB[22m[1m[22m[2m Γöé gzip:   0.13 kB[22m
[2mdist/[22m[36massets/JsComparisonOperators-KPHaunmC.js   [39m[1m[2m  0.11 kB[22m[1m[22m[2m Γöé gzip:   0.13 kB[22m
[2mdist/[22m[36massets/JsToString-BK-Pl2aX.js              [39m[1m[2m  0.11 kB[22m[1m[22m[2m Γöé gzip:   0.13 kB[22m
[2mdist/[22m[36massets/JsArraySort-Di92yDwG.js             [39m[1m[2m  0.11 kB[22m[1m[22m[2m Γöé gzip:   0.13 kB[22m
[2mdist/[22m[36massets/JsFunctionThis-CqNf0trt.js          [39m[1m[2m  0.11 kB[22m[1m[22m[2m Γöé gzip:   0.13 kB[22m
[2mdist/[22m[36massets/JsFunctionCall-DrLx-jsX.js          [39m[1m[2m  0.11 kB[22m[1m[22m[2m Γöé gzip:   0.13 kB[22m
[2mdist/[22m[36massets/JsFunctionBind-BjLGTmsk.js          [39m[1m[2m  0.11 kB[22m[1m[22m[2m Γöé gzip:   0.13 kB[22m
[2mdist/[22m[36massets/JsLoopWhile-DIVfTNNG.js             [39m[1m[2m  0.11 kB[22m[1m[22m[2m Γöé gzip:   0.13 kB[22m
[2mdist/[22m[36massets/JsGenerators-DuH8Oqhp.js            [39m[1m[2m  0.11 kB[22m[1m[22m[2m Γöé gzip:   0.13 kB[22m
[2mdist/[22m[36massets/WebApiIntro-DCgAKE7H.js             [39m[1m[2m  0.11 kB[22m[1m[22m[2m Γöé gzip:   0.13 kB[22m
[2mdist/[22m[36massets/WebFetchApi-D1dPx4aT.js             [39m[1m[2m  0.11 kB[22m[1m[22m[2m Γöé gzip:   0.13 kB[22m
[2mdist/[22m[36massets/AjaxResponse-BYNHo4I_.js            [39m[1m[2m  0.11 kB[22m[1m[22m[2m Γöé gzip:   0.13 kB[22m
[2mdist/[22m[36massets/AjaxXmlFile-C-qRY44y.js             [39m[1m[2m  0.11 kB[22m[1m[22m[2m Γöé gzip:   0.13 kB[22m
[2mdist/[22m[36massets/AjaxDatabase-BgOL1bl_.js            [39m[1m[2m  0.11 kB[22m[1m[22m[2m Γöé gzip:   0.13 kB[22m
[2mdist/[22m[36massets/AjaxExamples-Dr1-fyOX.js            [39m[1m[2m  0.11 kB[22m[1m[22m[2m Γöé gzip:   0.13 kB[22m
[2mdist/[22m[36massets/JsHtmlInput-C_3gj5rj.js             [39m[1m[2m  0.11 kB[22m[1m[22m[2m Γöé gzip:   0.13 kB[22m
[2mdist/[22m[36massets/SqlWildcards-BCuw-z9j.js            [39m[1m[2m  0.11 kB[22m[1m[22m[2m Γöé gzip:   0.13 kB[22m
[2mdist/[22m[36massets/SqlLeftJoin-Bbrl1Nuf.js             [39m[1m[2m  0.11 kB[22m[1m[22m[2m Γöé gzip:   0.13 kB[22m
[2mdist/[22m[36massets/SqlFullJoin-Bgbkya6d.js             [39m[1m[2m  0.11 kB[22m[1m[22m[2m Γöé gzip:   0.13 kB[22m
[2mdist/[22m[36massets/SqlSelfJoin-CYrxBNq5.js             [39m[1m[2m  0.11 kB[22m[1m[22m[2m Γöé gzip:   0.13 kB[22m
[2mdist/[22m[36massets/SqlUnionAll-B1zUwt7h.js             [39m[1m[2m  0.11 kB[22m[1m[22m[2m Γöé gzip:   0.13 kB[22m
[2mdist/[22m[36massets/SqlOperators-DutVrKVv.js            [39m[1m[2m  0.11 kB[22m[1m[22m[2m Γöé gzip:   0.13 kB[22m
[2mdist/[22m[36massets/SqlCreateDb-DjnKPINI.js             [39m[1m[2m  0.11 kB[22m[1m[22m[2m Γöé gzip:   0.13 kB[22m
[2mdist/[22m[36massets/SqlBackupDb-BwDNolRO.js             [39m[1m[2m  0.11 kB[22m[1m[22m[2m Γöé gzip:   0.13 kB[22m
[2mdist/[22m[36massets/SqlInjection-B995Vxkm.js            [39m[1m[2m  0.11 kB[22m[1m[22m[2m Γöé gzip:   0.13 kB[22m
[2mdist/[22m[36massets/SqlQuickRef-Cs3sK9o4.js             [39m[1m[2m  0.11 kB[22m[1m[22m[2m Γöé gzip:   0.13 kB[22m
[2mdist/[22m[36massets/SqlExercises-DBMoS1mB.js            [39m[1m[2m  0.11 kB[22m[1m[22m[2m Γöé gzip:   0.13 kB[22m
[2mdist/[22m[36massets/PythonSyntax-BogBqzsx.js            [39m[1m[2m  0.11 kB[22m[1m[22m[2m Γöé gzip:   0.13 kB[22m
[2mdist/[22m[36massets/PythonTuples-B1pHQY9Z.js            [39m[1m[2m  0.11 kB[22m[1m[22m[2m Γöé gzip:   0.13 kB[22m
[2mdist/[22m[36massets/PythonLambda-CXX4RXv5.js            [39m[1m[2m  0.11 kB[22m[1m[22m[2m Γöé gzip:   0.13 kB[22m
[2mdist/[22m[36massets/PythonArrays-BdILdKiz.js            [39m[1m[2m  0.11 kB[22m[1m[22m[2m Γöé gzip:   0.13 kB[22m
[2mdist/[22m[36massets/CssAnimations-BAx61Dfu.js           [39m[1m[2m  0.12 kB[22m[1m[22m[2m Γöé gzip:   0.13 kB[22m
[2mdist/[22m[36massets/CssObjectFit-Bg792xCa.js            [39m[1m[2m  0.12 kB[22m[1m[22m[2m Γöé gzip:   0.13 kB[22m
[2mdist/[22m[36massets/CssPagination-D6_p-Q07.js           [39m[1m[2m  0.12 kB[22m[1m[22m[2m Γöé gzip:   0.13 kB[22m
[2mdist/[22m[36massets/CssBoxSizing-CCN3r-rs.js            [39m[1m[2m  0.12 kB[22m[1m[22m[2m Γöé gzip:   0.13 kB[22m
[2mdist/[22m[36massets/CssFlexContainer-D-BLXnmF.js        [39m[1m[2m  0.12 kB[22m[1m[22m[2m Γöé gzip:   0.13 kB[22m
[2mdist/[22m[36massets/CssGridContainer-BIrdg6NC.js        [39m[1m[2m  0.12 kB[22m[1m[22m[2m Γöé gzip:   0.13 kB[22m
[2mdist/[22m[36massets/CssRwdFrameworks-BOBrV6aL.js        [39m[1m[2m  0.12 kB[22m[1m[22m[2m Γöé gzip:   0.13 kB[22m
[2mdist/[22m[36massets/JsComparisons-U6WczIn8.js           [39m[1m[2m  0.12 kB[22m[1m[22m[2m Γöé gzip:   0.13 kB[22m
[2mdist/[22m[36massets/JsCodeBlocks-BSEk7_zz.js            [39m[1m[2m  0.12 kB[22m[1m[22m[2m Γöé gzip:   0.13 kB[22m
[2mdist/[22m[36massets/JsArrayConst-Bb36toYO.js            [39m[1m[2m  0.12 kB[22m[1m[22m[2m Γöé gzip:   0.13 kB[22m
[2mdist/[22m[36massets/JsFunctionApply-DlByaORf.js         [39m[1m[2m  0.12 kB[22m[1m[22m[2m Γöé gzip:   0.13 kB[22m
[2mdist/[22m[36massets/JsObjectMethods-JJbEfWcx.js         [39m[1m[2m  0.12 kB[22m[1m[22m[2m Γöé gzip:   0.13 kB[22m
[2mdist/[22m[36massets/JsObjectDisplay-CzE4y8xP.js         [39m[1m[2m  0.12 kB[22m[1m[22m[2m Γöé gzip:   0.13 kB[22m
[2mdist/[22m[36massets/JsSetMethods-BaSGK8EG.js            [39m[1m[2m  0.12 kB[22m[1m[22m[2m Γöé gzip:   0.13 kB[22m
[2mdist/[22m[36massets/JsSetWeakSet-CxQSRvLX.js            [39m[1m[2m  0.12 kB[22m[1m[22m[2m Γöé gzip:   0.13 kB[22m
[2mdist/[22m[36massets/JsMapMethods-D1poe1Vp.js            [39m[1m[2m  0.12 kB[22m[1m[22m[2m Γöé gzip:   0.13 kB[22m
[2mdist/[22m[36massets/JsMapWeakMap-BBbTJigA.js            [39m[1m[2m  0.12 kB[22m[1m[22m[2m Γöé gzip:   0.13 kB[22m
[2mdist/[22m[36massets/JsAsyncAwait-soOlFPyq.js            [39m[1m[2m  0.12 kB[22m[1m[22m[2m Γöé gzip:   0.13 kB[22m
[2mdist/[22m[36massets/JsStrictMode-DAxSQPPq.js            [39m[1m[2m  0.12 kB[22m[1m[22m[2m Γöé gzip:   0.13 kB[22m
[2mdist/[22m[36massets/JsStyleGuide-Dezf5PRc.js            [39m[1m[2m  0.12 kB[22m[1m[22m[2m Γöé gzip:   0.13 kB[22m
[2mdist/[22m[36massets/JsPerformance-DtGCUuFY.js           [39m[1m[2m  0.12 kB[22m[1m[22m[2m Γöé gzip:   0.13 kB[22m
[2mdist/[22m[36massets/DomAnimations-hBr3a1NB.js           [39m[1m[2m  0.12 kB[22m[1m[22m[2m Γöé gzip:   0.13 kB[22m
[2mdist/[22m[36massets/DomNavigation-kYapDgGt.js           [39m[1m[2m  0.12 kB[22m[1m[22m[2m Γöé gzip:   0.13 kB[22m
[2mdist/[22m[36massets/DomNodeLists-Wg1BvwWq.js            [39m[1m[2m  0.12 kB[22m[1m[22m[2m Γöé gzip:   0.13 kB[22m
[2mdist/[22m[36massets/JsPopupAlert-Clyox4eH.js            [39m[1m[2m  0.12 kB[22m[1m[22m[2m Γöé gzip:   0.13 kB[22m
[2mdist/[22m[36massets/WebWorkerApi-BEEQm_zv.js            [39m[1m[2m  0.12 kB[22m[1m[22m[2m Γöé gzip:   0.13 kB[22m
[2mdist/[22m[36massets/JsonStringify-BRZxr_3p.js           [39m[1m[2m  0.12 kB[22m[1m[22m[2m Γöé gzip:   0.13 kB[22m
[2mdist/[22m[36massets/JsHtmlEventsRef-Bkj2IjhG.js         [39m[1m[2m  0.12 kB[22m[1m[22m[2m Γöé gzip:   0.13 kB[22m
[2mdist/[22m[36massets/SqlSelectTop-CsT7egFN.js            [39m[1m[2m  0.12 kB[22m[1m[22m[2m Γöé gzip:   0.13 kB[22m
[2mdist/[22m[36massets/SqlInnerJoin-OSrXdzAp.js            [39m[1m[2m  0.12 kB[22m[1m[22m[2m Γöé gzip:   0.13 kB[22m
[2mdist/[22m[36massets/SqlRightJoin-CRoTw9hT.js            [39m[1m[2m  0.12 kB[22m[1m[22m[2m Γöé gzip:   0.13 kB[22m
[2mdist/[22m[36massets/SqlDropTable-BkCQH-dB.js            [39m[1m[2m  0.12 kB[22m[1m[22m[2m Γöé gzip:   0.13 kB[22m
[2mdist/[22m[36massets/SqlDataTypes-D3bGZWso.js            [39m[1m[2m  0.12 kB[22m[1m[22m[2m Γöé gzip:   0.13 kB[22m
[2mdist/[22m[36massets/SqlStudyPlan-3vT8MoRI.js            [39m[1m[2m  0.12 kB[22m[1m[22m[2m Γöé gzip:   0.13 kB[22m
[2mdist/[22m[36massets/PythonNumbers-CjSY9wls.js           [39m[1m[2m  0.12 kB[22m[1m[22m[2m Γöé gzip:   0.13 kB[22m
[2mdist/[22m[36massets/PythonCasting-BrUTG55R.js           [39m[1m[2m  0.12 kB[22m[1m[22m[2m Γöé gzip:   0.13 kB[22m
[2mdist/[22m[36massets/PythonStrings-Cn6jEgrH.js           [39m[1m[2m  0.12 kB[22m[1m[22m[2m Γöé gzip:   0.13 kB[22m
[2mdist/[22m[36massets/PythonModules-CTl1YWaT.js           [39m[1m[2m  0.12 kB[22m[1m[22m[2m Γöé gzip:   0.13 kB[22m
[2mdist/[22m[36massets/CssMqExamples-CVcXeVI2.js           [39m[1m[2m  0.12 kB[22m[1m[22m[2m Γöé gzip:   0.13 kB[22m
[2mdist/[22m[36massets/CssFlexResponsive-DvUOGiUw.js       [39m[1m[2m  0.12 kB[22m[1m[22m[2m Γöé gzip:   0.13 kB[22m
[2mdist/[22m[36massets/JsIntroduction-DZdn0V8z.js          [39m[1m[2m  0.12 kB[22m[1m[22m[2m Γöé gzip:   0.13 kB[22m
[2mdist/[22m[36massets/JsDateFormats-DxtT-2PD.js           [39m[1m[2m  0.12 kB[22m[1m[22m[2m Γöé gzip:   0.13 kB[22m
[2mdist/[22m[36massets/JsArraySearch-B4fAY9vB.js           [39m[1m[2m  0.12 kB[22m[1m[22m[2m Γöé gzip:   0.13 kB[22m
[2mdist/[22m[36massets/JsFunctionArrows-DxHl1t5a.js        [39m[1m[2m  0.12 kB[22m[1m[22m[2m Γöé gzip:   0.13 kB[22m
[2mdist/[22m[36massets/JsClassStatic-Bx_Smu7h.js           [39m[1m[2m  0.12 kB[22m[1m[22m[2m Γöé gzip:   0.13 kB[22m
[2mdist/[22m[36massets/JsRegExpFlags-DgYCuI5-.js           [39m[1m[2m  0.12 kB[22m[1m[22m[2m Γöé gzip:   0.13 kB[22m
[2mdist/[22m[36massets/JsTypedArrays-DhWaoIiw.js           [39m[1m[2m  0.12 kB[22m[1m[22m[2m Γöé gzip:   0.13 kB[22m
[2mdist/[22m[36massets/JsAsynchronous-e84boN86.js          [39m[1m[2m  0.12 kB[22m[1m[22m[2m Γöé gzip:   0.13 kB[22m
[2mdist/[22m[36massets/DomCollections-aFAdvueV.js          [39m[1m[2m  0.12 kB[22m[1m[22m[2m Γöé gzip:   0.13 kB[22m
[2mdist/[22m[36massets/WebHistoryApi-CxUr4DOF.js           [39m[1m[2m  0.12 kB[22m[1m[22m[2m Γöé gzip:   0.13 kB[22m
[2mdist/[22m[36massets/WebStorageApi-BewNr6yc.js           [39m[1m[2m  0.12 kB[22m[1m[22m[2m Γöé gzip:   0.13 kB[22m
[2mdist/[22m[36massets/JsonDataTypes-BcmDnPHq.js           [39m[1m[2m  0.12 kB[22m[1m[22m[2m Γöé gzip:   0.13 kB[22m
[2mdist/[22m[36massets/JsGoogleChart-x8mSF5jr.js           [39m[1m[2m  0.12 kB[22m[1m[22m[2m Γöé gzip:   0.13 kB[22m
[2mdist/[22m[36massets/JsHtmlObjects-j97zEa6R.js           [39m[1m[2m  0.12 kB[22m[1m[22m[2m Γöé gzip:   0.13 kB[22m
[2mdist/[22m[36massets/SqlInsertInto-D2xhk8y3.js           [39m[1m[2m  0.12 kB[22m[1m[22m[2m Γöé gzip:   0.13 kB[22m
[2mdist/[22m[36massets/SqlNullValues-CW1FA3RL.js           [39m[1m[2m  0.12 kB[22m[1m[22m[2m Γöé gzip:   0.13 kB[22m
[2mdist/[22m[36massets/SqlMinAndMax-C2wO0Q6t.js            [39m[1m[2m  0.12 kB[22m[1m[22m[2m Γöé gzip:   0.13 kB[22m
[2mdist/[22m[36massets/SqlSelectInto-YkKJRZg3.js           [39m[1m[2m  0.12 kB[22m[1m[22m[2m Γöé gzip:   0.13 kB[22m
[2mdist/[22m[36massets/SqlAlterTable-DNkMqtMv.js           [39m[1m[2m  0.12 kB[22m[1m[22m[2m Γöé gzip:   0.13 kB[22m
[2mdist/[22m[36massets/SqlConstraints-dzMMQCyL.js          [39m[1m[2m  0.12 kB[22m[1m[22m[2m Γöé gzip:   0.13 kB[22m
[2mdist/[22m[36massets/SqlPrimaryKey-BmB98d2O.js           [39m[1m[2m  0.12 kB[22m[1m[22m[2m Γöé gzip:   0.13 kB[22m
[2mdist/[22m[36massets/SqlForeignKey-CgyRQrRX.js           [39m[1m[2m  0.12 kB[22m[1m[22m[2m Γöé gzip:   0.13 kB[22m
[2mdist/[22m[36massets/MySqlFunctions-eabSE00L.js          [39m[1m[2m  0.12 kB[22m[1m[22m[2m Γöé gzip:   0.13 kB[22m
[2mdist/[22m[36massets/SqlCertificate-m8hX7iIh.js          [39m[1m[2m  0.12 kB[22m[1m[22m[2m Γöé gzip:   0.13 kB[22m
[2mdist/[22m[36massets/PythonComments-BsYxjwQh.js          [39m[1m[2m  0.12 kB[22m[1m[22m[2m Γöé gzip:   0.13 kB[22m
[2mdist/[22m[36massets/PythonBooleans-2-RThs34.js          [39m[1m[2m  0.12 kB[22m[1m[22m[2m Γöé gzip:   0.13 kB[22m
[2mdist/[22m[36massets/HtmlCertificate-Cy611iJ0.js         [39m[1m[2m  0.12 kB[22m[1m[22m[2m Γöé gzip:   0.13 kB[22m
[2mdist/[22m[36massets/CssImageShapes-BoWdWyWc.js          [39m[1m[2m  0.12 kB[22m[1m[22m[2m Γöé gzip:   0.13 kB[22m
[2mdist/[22m[36massets/JsStringSearch-B4CmHRJZ.js          [39m[1m[2m  0.12 kB[22m[1m[22m[2m Γöé gzip:   0.13 kB[22m
[2mdist/[22m[36massets/JsArrayMethods-BKXj2u4V.js          [39m[1m[2m  0.12 kB[22m[1m[22m[2m Γöé gzip:   0.13 kB[22m
[2mdist/[22m[36massets/JsObjectGetSet-if5VDm9o.js          [39m[1m[2m  0.12 kB[22m[1m[22m[2m Γöé gzip:   0.13 kB[22m
[2mdist/[22m[36massets/JsObjectRef-CHJ48zQB.js             [39m[1m[2m  0.12 kB[22m[1m[22m[2m Γöé gzip:   0.13 kB[22m
[2mdist/[22m[36massets/JsSetRef-BKm7Cfqb.js                [39m[1m[2m  0.12 kB[22m[1m[22m[2m Γöé gzip:   0.13 kB[22m
[2mdist/[22m[36massets/JsMapRef-Dxhr9GSB.js                [39m[1m[2m  0.12 kB[22m[1m[22m[2m Γöé gzip:   0.13 kB[22m
[2mdist/[22m[36massets/JsLoopForIn-wlIw1N0P.js             [39m[1m[2m  0.12 kB[22m[1m[22m[2m Γöé gzip:   0.13 kB[22m
[2mdist/[22m[36massets/JsLoopForOf-CkQb71b5.js             [39m[1m[2m  0.12 kB[22m[1m[22m[2m Γöé gzip:   0.13 kB[22m
[2mdist/[22m[36massets/JsTypedMethods-C_chIy59.js          [39m[1m[2m  0.12 kB[22m[1m[22m[2m Γöé gzip:   0.13 kB[22m
[2mdist/[22m[36massets/JquerySelectors-CmbgJCIF.js         [39m[1m[2m  0.12 kB[22m[1m[22m[2m Γöé gzip:   0.13 kB[22m
[2mdist/[22m[36massets/DomObjectsRef-HGx51PGw.js           [39m[1m[2m  0.12 kB[22m[1m[22m[2m Γöé gzip:   0.13 kB[22m
[2mdist/[22m[36massets/SqlCreateTable-DLt_T2o5.js          [39m[1m[2m  0.12 kB[22m[1m[22m[2m Γöé gzip:   0.13 kB[22m
[2mdist/[22m[36massets/PythonVariables-BozFiUIJ.js         [39m[1m[2m  0.12 kB[22m[1m[22m[2m Γöé gzip:   0.13 kB[22m
[2mdist/[22m[36massets/PythonOperators-9OGmTRm0.js         [39m[1m[2m  0.12 kB[22m[1m[22m[2m Γöé gzip:   0.13 kB[22m
[2mdist/[22m[36massets/PythonIfElse-CgZfWB8N.js            [39m[1m[2m  0.12 kB[22m[1m[22m[2m Γöé gzip:   0.13 kB[22m
[2mdist/[22m[36massets/PythonForLoops-4v9YNK80.js          [39m[1m[2m  0.12 kB[22m[1m[22m[2m Γöé gzip:   0.13 kB[22m
[2mdist/[22m[36massets/PythonFunctions-h2qZ5GsT.js         [39m[1m[2m  0.12 kB[22m[1m[22m[2m Γöé gzip:   0.13 kB[22m
[2mdist/[22m[36massets/PythonIterators-DpV44E0T.js         [39m[1m[2m  0.12 kB[22m[1m[22m[2m Γöé gzip:   0.13 kB[22m
[2mdist/[22m[36massets/CssImageStyling-B0h22BGI.js         [39m[1m[2m  0.12 kB[22m[1m[22m[2m Γöé gzip:   0.13 kB[22m
[2mdist/[22m[36massets/CssImageFilters-MygJg3dN.js         [39m[1m[2m  0.12 kB[22m[1m[22m[2m Γöé gzip:   0.13 kB[22m
[2mdist/[22m[36massets/CssMediaQueries-JvI109jf.js         [39m[1m[2m  0.12 kB[22m[1m[22m[2m Γöé gzip:   0.13 kB[22m
[2mdist/[22m[36massets/CssGridColumnsRows-B7S23CHp.js      [39m[1m[2m  0.12 kB[22m[1m[22m[2m Γöé gzip:   0.13 kB[22m
[2mdist/[22m[36massets/CssRwdMediaQueries-B5GwPlpA.js      [39m[1m[2m  0.12 kB[22m[1m[22m[2m Γöé gzip:   0.13 kB[22m
[2mdist/[22m[36massets/JsNews-8gkokLKK.js                  [39m[1m[2m  0.12 kB[22m[1m[22m[2m Γöé gzip:   0.13 kB[22m
[2mdist/[22m[36massets/JsStringMethods-7vgJ-3tq.js         [39m[1m[2m  0.12 kB[22m[1m[22m[2m Γöé gzip:   0.13 kB[22m
[2mdist/[22m[36massets/JsNumberMethods-CFVnTte1.js         [39m[1m[2m  0.12 kB[22m[1m[22m[2m Γöé gzip:   0.13 kB[22m
[2mdist/[22m[36massets/JsMathRef-vbNkESLx.js               [39m[1m[2m  0.12 kB[22m[1m[22m[2m Γöé gzip:   0.13 kB[22m
[2mdist/[22m[36massets/JsDateRef-jToB35ah.js               [39m[1m[2m  0.12 kB[22m[1m[22m[2m Γöé gzip:   0.13 kB[22m
[2mdist/[22m[36massets/JsFunctionClosures-Bxz2s3wx.js      [39m[1m[2m  0.12 kB[22m[1m[22m[2m Γöé gzip:   0.13 kB[22m
[2mdist/[22m[36massets/JsObjectProperties-BwTmhZpC.js      [39m[1m[2m  0.12 kB[22m[1m[22m[2m Γöé gzip:   0.13 kB[22m
[2mdist/[22m[36massets/JsObjectPrototypes-D2cmHwue.js      [39m[1m[2m  0.12 kB[22m[1m[22m[2m Γöé gzip:   0.13 kB[22m
[2mdist/[22m[36massets/JsObjectIterations-CONu3AJR.js      [39m[1m[2m  0.12 kB[22m[1m[22m[2m Γöé gzip:   0.13 kB[22m
[2mdist/[22m[36massets/JsObjectManagement-drzRUJJH.js      [39m[1m[2m  0.12 kB[22m[1m[22m[2m Γöé gzip:   0.13 kB[22m
[2mdist/[22m[36massets/JsObjectProtection-Dy_ntJlZ.js      [39m[1m[2m  0.12 kB[22m[1m[22m[2m Γöé gzip:   0.13 kB[22m
[2mdist/[22m[36massets/JsRegExpClasses-DXpjGBnb.js         [39m[1m[2m  0.12 kB[22m[1m[22m[2m Γöé gzip:   0.13 kB[22m
[2mdist/[22m[36massets/JsRegExpObjects-CIQCOYgK.js         [39m[1m[2m  0.12 kB[22m[1m[22m[2m Γöé gzip:   0.13 kB[22m
[2mdist/[22m[36massets/JsRegExpMethods-Dja3NxrQ.js         [39m[1m[2m  0.12 kB[22m[1m[22m[2m Γöé gzip:   0.13 kB[22m
[2mdist/[22m[36massets/JsBestPractices-DLM8SkV7.js         [39m[1m[2m  0.12 kB[22m[1m[22m[2m Γöé gzip:   0.13 kB[22m
[2mdist/[22m[36massets/AjaxApplications-BMY2ZGea.js        [39m[1m[2m  0.12 kB[22m[1m[22m[2m Γöé gzip:   0.13 kB[22m
[2mdist/[22m[36massets/PythonDataTypes-DCDAKtt7.js         [39m[1m[2m  0.12 kB[22m[1m[22m[2m Γöé gzip:   0.13 kB[22m
[2mdist/[22m[36massets/PythonDecorators-B58LWl1X.js        [39m[1m[2m  0.12 kB[22m[1m[22m[2m Γöé gzip:   0.13 kB[22m
[2mdist/[22m[36massets/PythonUserInput-cnMzAn78.js         [39m[1m[2m  0.12 kB[22m[1m[22m[2m Γöé gzip:   0.13 kB[22m
[2mdist/[22m[36massets/PythonVirtualEnv-Cz8xxndy.js        [39m[1m[2m  0.12 kB[22m[1m[22m[2m Γöé gzip:   0.13 kB[22m
[2mdist/[22m[36massets/PythonReadFiles-DgNQOLh5.js         [39m[1m[2m  0.12 kB[22m[1m[22m[2m Γöé gzip:   0.13 kB[22m
[2mdist/[22m[36massets/JsTypeConversion-Cu2Bn9Zd.js        [39m[1m[2m  0.12 kB[22m[1m[22m[2m Γöé gzip:   0.13 kB[22m
[2mdist/[22m[36massets/JsArrayRef-B2mx2Ziv.js              [39m[1m[2m  0.12 kB[22m[1m[22m[2m Γöé gzip:   0.13 kB[22m
[2mdist/[22m[36massets/JsObjectDefinitions-CxAp-XKZ.js     [39m[1m[2m  0.12 kB[22m[1m[22m[2m Γöé gzip:   0.13 kB[22m
[2mdist/[22m[36massets/JsRegExpPatterns-Bk9SfRkF.js        [39m[1m[2m  0.12 kB[22m[1m[22m[2m Γöé gzip:   0.13 kB[22m
[2mdist/[22m[36massets/JsTypedRef-CAgLmOCx.js              [39m[1m[2m  0.12 kB[22m[1m[22m[2m Γöé gzip:   0.13 kB[22m
[2mdist/[22m[36massets/DomEventListener-DfRVi-d7.js        [39m[1m[2m  0.12 kB[22m[1m[22m[2m Γöé gzip:   0.13 kB[22m
[2mdist/[22m[36massets/WebValidationApi-Cs2Bbm-t.js        [39m[1m[2m  0.12 kB[22m[1m[22m[2m Γöé gzip:   0.13 kB[22m
[2mdist/[22m[36massets/SqlNullFunctions-DfjJ1q2j.js        [39m[1m[2m  0.12 kB[22m[1m[22m[2m Γöé gzip:   0.13 kB[22m
[2mdist/[22m[36massets/SqlAutoIncrement-1hIlIXFV.js        [39m[1m[2m  0.12 kB[22m[1m[22m[2m Γöé gzip:   0.13 kB[22m
[2mdist/[22m[36massets/PythonGetStarted-BjT40Hmc.js        [39m[1m[2m  0.12 kB[22m[1m[22m[2m Γöé gzip:   0.13 kB[22m
[2mdist/[22m[36massets/PythonWhileLoops-CSQuUAUe.js        [39m[1m[2m  0.12 kB[22m[1m[22m[2m Γöé gzip:   0.13 kB[22m
[2mdist/[22m[36massets/PythonInheritance-CsxKpYHs.js       [39m[1m[2m  0.12 kB[22m[1m[22m[2m Γöé gzip:   0.13 kB[22m
[2mdist/[22m[36massets/HtmlInterviewPrep-DVH7RxUV.js       [39m[1m[2m  0.12 kB[22m[1m[22m[2m Γöé gzip:   0.13 kB[22m
[2mdist/[22m[36massets/CssImageCentering-BPuw1sat.js       [39m[1m[2m  0.12 kB[22m[1m[22m[2m Γöé gzip:   0.13 kB[22m
[2mdist/[22m[36massets/CssObjectPosition-zPdJqYzk.js       [39m[1m[2m  0.12 kB[22m[1m[22m[2m Γöé gzip:   0.13 kB[22m
[2mdist/[22m[36massets/JsStringTemplates-CaXoIfg3.js       [39m[1m[2m  0.12 kB[22m[1m[22m[2m Γöé gzip:   0.13 kB[22m
[2mdist/[22m[36massets/JsUtf8Characters-Czj7Q5uk.js        [39m[1m[2m  0.12 kB[22m[1m[22m[2m Γöé gzip:   0.13 kB[22m
[2mdist/[22m[36massets/JsStringRef-ynKbBVZz.js             [39m[1m[2m  0.12 kB[22m[1m[22m[2m Γöé gzip:   0.13 kB[22m
[2mdist/[22m[36massets/JsNumberRef-BLwpTOWP.js             [39m[1m[2m  0.12 kB[22m[1m[22m[2m Γöé gzip:   0.13 kB[22m
[2mdist/[22m[36massets/JsArrayIterations-pGJeOu3d.js       [39m[1m[2m  0.12 kB[22m[1m[22m[2m Γöé gzip:   0.13 kB[22m
[2mdist/[22m[36massets/JsFunctionParameters-DM4-uUsj.js    [39m[1m[2m  0.12 kB[22m[1m[22m[2m Γöé gzip:   0.13 kB[22m
[2mdist/[22m[36massets/JsFunctionInvocation-CtOkpebw.js    [39m[1m[2m  0.12 kB[22m[1m[22m[2m Γöé gzip:   0.13 kB[22m
[2mdist/[22m[36massets/JsObjectConstructors-BgZqNxMI.js    [39m[1m[2m  0.12 kB[22m[1m[22m[2m Γöé gzip:   0.13 kB[22m
[2mdist/[22m[36massets/JsRegExpMetachars-DqYCF5Jm.js       [39m[1m[2m  0.12 kB[22m[1m[22m[2m Γöé gzip:   0.13 kB[22m
[2mdist/[22m[36massets/WebGeolocationApi-DVy7fFN_.js       [39m[1m[2m  0.12 kB[22m[1m[22m[2m Γöé gzip:   0.13 kB[22m
[2mdist/[22m[36massets/SqlSelectDistinct-DWEbX2Oo.js       [39m[1m[2m  0.12 kB[22m[1m[22m[2m Γöé gzip:   0.13 kB[22m
[2mdist/[22m[36massets/MsAccessFunctions-C-JtthdQ.js       [39m[1m[2m  0.12 kB[22m[1m[22m[2m Γöé gzip:   0.13 kB[22m
[2mdist/[22m[36massets/PythonDictionaries-ZfcF8vCa.js      [39m[1m[2m  0.12 kB[22m[1m[22m[2m Γöé gzip:   0.13 kB[22m
[2mdist/[22m[36massets/PythonPolymorphism-Bj0JewCb.js      [39m[1m[2m  0.12 kB[22m[1m[22m[2m Γöé gzip:   0.13 kB[22m
[2mdist/[22m[36massets/PythonTryExcept-BJISMXSm.js         [39m[1m[2m  0.12 kB[22m[1m[22m[2m Γöé gzip:   0.13 kB[22m
[2mdist/[22m[36massets/PythonDeleteFiles-DckcqYfn.js       [39m[1m[2m  0.12 kB[22m[1m[22m[2m Γöé gzip:   0.13 kB[22m
[2mdist/[22m[36massets/CssMultipleColumns-i0h8nMGf.js      [39m[1m[2m  0.12 kB[22m[1m[22m[2m Γöé gzip:   0.13 kB[22m
[2mdist/[22m[36massets/JsKeywordsReserved-Da7WGPgc.js      [39m[1m[2m  0.12 kB[22m[1m[22m[2m Γöé gzip:   0.13 kB[22m
[2mdist/[22m[36massets/JsLogicalOperators-BzME1B8x.js      [39m[1m[2m  0.12 kB[22m[1m[22m[2m Γöé gzip:   0.13 kB[22m
[2mdist/[22m[36massets/JsBitwiseOperators-2LgYzOhQ.js      [39m[1m[2m  0.12 kB[22m[1m[22m[2m Γöé gzip:   0.13 kB[22m
[2mdist/[22m[36massets/JsNumberProperties-pvPN0uzE.js      [39m[1m[2m  0.12 kB[22m[1m[22m[2m Γöé gzip:   0.13 kB[22m
[2mdist/[22m[36massets/JsFunctionDefinitions-34doQ8Xi.js   [39m[1m[2m  0.12 kB[22m[1m[22m[2m Γöé gzip:   0.13 kB[22m
[2mdist/[22m[36massets/JsObjectDestructuring-sMPheIiI.js   [39m[1m[2m  0.12 kB[22m[1m[22m[2m Γöé gzip:   0.13 kB[22m
[2mdist/[22m[36massets/JsClassInheritance-CtFByxKU.js      [39m[1m[2m  0.12 kB[22m[1m[22m[2m Γöé gzip:   0.13 kB[22m
[2mdist/[22m[36massets/JsRegExpAssertions-C690JkOy.js      [39m[1m[2m  0.12 kB[22m[1m[22m[2m Γöé gzip:   0.13 kB[22m
[2mdist/[22m[36massets/SqlServerFunctions-Cmb9k5x-.js      [39m[1m[2m  0.12 kB[22m[1m[22m[2m Γöé gzip:   0.13 kB[22m
[2mdist/[22m[36massets/PythonFileHandling-C9W_fVHz.js      [39m[1m[2m  0.12 kB[22m[1m[22m[2m Γöé gzip:   0.13 kB[22m
[2mdist/[22m[36massets/JsKeywordsRef-CsVLHyAk.js           [39m[1m[2m  0.12 kB[22m[1m[22m[2m Γöé gzip:   0.14 kB[22m
[2mdist/[22m[36massets/JsOperatorRef-DCXpD0We.js           [39m[1m[2m  0.12 kB[22m[1m[22m[2m Γöé gzip:   0.13 kB[22m
[2mdist/[22m[36massets/JsRegExpQuantifiers-BJzjzzsI.js     [39m[1m[2m  0.12 kB[22m[1m[22m[2m Γöé gzip:   0.14 kB[22m
[2mdist/[22m[36massets/SqlStoredProcedures-D3AQ8ov9.js     [39m[1m[2m  0.12 kB[22m[1m[22m[2m Γöé gzip:   0.13 kB[22m
[2mdist/[22m[36massets/JsOperatorPrecedence-BqcsV_0C.js    [39m[1m[2m  0.12 kB[22m[1m[22m[2m Γöé gzip:   0.14 kB[22m
[2mdist/[22m[36massets/SqlInsertIntoSelect-BF8iAmax.js     [39m[1m[2m  0.12 kB[22m[1m[22m[2m Γöé gzip:   0.14 kB[22m
[2mdist/[22m[36massets/PythonClassesObjects-DkAvsdvA.js    [39m[1m[2m  0.12 kB[22m[1m[22m[2m Γöé gzip:   0.13 kB[22m
[2mdist/[22m[36massets/SqlAggregateFunctions-BCfa066u.js   [39m[1m[2m  0.12 kB[22m[1m[22m[2m Γöé gzip:   0.14 kB[22m
[2mdist/[22m[36massets/PythonStringFormatting-DYG88cwq.js  [39m[1m[2m  0.13 kB[22m[1m[22m[2m Γöé gzip:   0.14 kB[22m
[2mdist/[22m[36massets/PythonWriteCreateFiles-Dghh5nGM.js  [39m[1m[2m  0.13 kB[22m[1m[22m[2m Γöé gzip:   0.14 kB[22m
[2mdist/[22m[36massets/PandasHome-CtcMalww.js              [39m[1m[2m  0.13 kB[22m[1m[22m[2m Γöé gzip:   0.14 kB[22m
[2mdist/[22m[36massets/PandasIntro-DWKpVBSC.js             [39m[1m[2m  0.13 kB[22m[1m[22m[2m Γöé gzip:   0.14 kB[22m
[2mdist/[22m[36massets/SeabornHome-zQ031BzL.js             [39m[1m[2m  0.13 kB[22m[1m[22m[2m Γöé gzip:   0.14 kB[22m
[2mdist/[22m[36massets/SeabornIntro-9RMH402j.js            [39m[1m[2m  0.13 kB[22m[1m[22m[2m Γöé gzip:   0.14 kB[22m
[2mdist/[22m[36massets/MatplotLibHome-BvgVdC5g.js          [39m[1m[2m  0.13 kB[22m[1m[22m[2m Γöé gzip:   0.14 kB[22m
[2mdist/[22m[36massets/MatplotLibIntro-C8sGquFH.js         [39m[1m[2m  0.13 kB[22m[1m[22m[2m Γöé gzip:   0.14 kB[22m
[2mdist/[22m[36massets/minus-BhNFvsNY.js                   [39m[1m[2m  0.30 kB[22m[1m[22m[2m Γöé gzip:   0.25 kB[22m
[2mdist/[22m[36massets/circle-CI6SnEJz.js                  [39m[1m[2m  0.31 kB[22m[1m[22m[2m Γöé gzip:   0.25 kB[22m
[2mdist/[22m[36massets/square-eYZ_RZkD.js                  [39m[1m[2m  0.33 kB[22m[1m[22m[2m Γöé gzip:   0.26 kB[22m
[2mdist/[22m[36massets/code-DLC4ysgy.js                    [39m[1m[2m  0.35 kB[22m[1m[22m[2m Γöé gzip:   0.26 kB[22m
[2mdist/[22m[36massets/clock-26Bw1wgP.js                   [39m[1m[2m  0.35 kB[22m[1m[22m[2m Γöé gzip:   0.28 kB[22m
[2mdist/[22m[36massets/arrow-right-BhAgkDEC.js             [39m[1m[2m  0.35 kB[22m[1m[22m[2m Γöé gzip:   0.27 kB[22m
[2mdist/[22m[36massets/arrow-down-B7NUWsVk.js              [39m[1m[2m  0.35 kB[22m[1m[22m[2m Γöé gzip:   0.27 kB[22m
[2mdist/[22m[36massets/circle-minus-CDqoBkKo.js            [39m[1m[2m  0.35 kB[22m[1m[22m[2m Γöé gzip:   0.27 kB[22m
[2mdist/[22m[36massets/blend-CgLP_Wn0.js                   [39m[1m[2m  0.35 kB[22m[1m[22m[2m Γöé gzip:   0.27 kB[22m
[2mdist/[22m[36massets/trending-up-rmttJXDB.js             [39m[1m[2m  0.36 kB[22m[1m[22m[2m Γöé gzip:   0.28 kB[22m
[2mdist/[22m[36massets/circle-check-big-qW0QmSVI.js        [39m[1m[2m  0.37 kB[22m[1m[22m[2m Γöé gzip:   0.29 kB[22m
[2mdist/[22m[36massets/smartphone-4evSaoUx.js              [39m[1m[2m  0.38 kB[22m[1m[22m[2m Γöé gzip:   0.30 kB[22m
[2mdist/[22m[36massets/rotate-ccw-BDyqlMyl.js              [39m[1m[2m  0.38 kB[22m[1m[22m[2m Γöé gzip:   0.29 kB[22m
[2mdist/[22m[36massets/text-align-start-Cvf1ufd6.js        [39m[1m[2m  0.39 kB[22m[1m[22m[2m Γöé gzip:   0.28 kB[22m
[2mdist/[22m[36massets/text-align-center-DUfjb4xJ.js       [39m[1m[2m  0.39 kB[22m[1m[22m[2m Γöé gzip:   0.29 kB[22m
[2mdist/[22m[36massets/circle-plus-l3sekTc2.js             [39m[1m[2m  0.39 kB[22m[1m[22m[2m Γöé gzip:   0.29 kB[22m
[2mdist/[22m[36massets/move-horizontal-C1P2k70j.js         [39m[1m[2m  0.39 kB[22m[1m[22m[2m Γöé gzip:   0.29 kB[22m
[2mdist/[22m[36massets/anchor-DOccs4jv.js                  [39m[1m[2m  0.40 kB[22m[1m[22m[2m Γöé gzip:   0.30 kB[22m
[2mdist/[22m[36massets/type-BwuZcagl.js                    [39m[1m[2m  0.40 kB[22m[1m[22m[2m Γöé gzip:   0.29 kB[22m
[2mdist/[22m[36massets/target-CHPVxaV9.js                  [39m[1m[2m  0.41 kB[22m[1m[22m[2m Γöé gzip:   0.27 kB[22m
[2mdist/[22m[36massets/gallery-horizontal-D_UkaAT9.js      [39m[1m[2m  0.42 kB[22m[1m[22m[2m Γöé gzip:   0.31 kB[22m
[2mdist/[22m[36massets/message-square-CfBD-Yzr.js          [39m[1m[2m  0.42 kB[22m[1m[22m[2m Γöé gzip:   0.31 kB[22m
[2mdist/[22m[36massets/globe-Oqg6lW7T.js                   [39m[1m[2m  0.42 kB[22m[1m[22m[2m Γöé gzip:   0.30 kB[22m
[2mdist/[22m[36massets/test-tube-BqxZsZyo.js               [39m[1m[2m  0.43 kB[22m[1m[22m[2m Γöé gzip:   0.31 kB[22m
[2mdist/[22m[36massets/eye-DMC78Fu_.js                     [39m[1m[2m  0.44 kB[22m[1m[22m[2m Γöé gzip:   0.31 kB[22m
[2mdist/[22m[36massets/link-42miJpyy.js                    [39m[1m[2m  0.44 kB[22m[1m[22m[2m Γöé gzip:   0.30 kB[22m
[2mdist/[22m[36massets/monitor-BYQIG_RS.js                 [39m[1m[2m  0.44 kB[22m[1m[22m[2m Γöé gzip:   0.32 kB[22m
[2mdist/[22m[36massets/zap-CCz9k0X1.js                     [39m[1m[2m  0.45 kB[22m[1m[22m[2m Γöé gzip:   0.32 kB[22m
[2mdist/[22m[36massets/triangle-alert-D9gV1jFE.js          [39m[1m[2m  0.45 kB[22m[1m[22m[2m Γöé gzip:   0.32 kB[22m
[2mdist/[22m[36massets/image-CEDrZKr3.js                   [39m[1m[2m  0.45 kB[22m[1m[22m[2m Γöé gzip:   0.33 kB[22m
[2mdist/[22m[36massets/list-checks-9U8v6Uc8.js             [39m[1m[2m  0.46 kB[22m[1m[22m[2m Γöé gzip:   0.30 kB[22m
[2mdist/[22m[36massets/book-open-CRBeBO-a.js               [39m[1m[2m  0.46 kB[22m[1m[22m[2m Γöé gzip:   0.32 kB[22m
[2mdist/[22m[36massets/lightbulb-C0m19LDq.js               [39m[1m[2m  0.47 kB[22m[1m[22m[2m Γöé gzip:   0.33 kB[22m
[2mdist/[22m[36massets/maximize-DeoDpUsc.js                [39m[1m[2m  0.48 kB[22m[1m[22m[2m Γöé gzip:   0.31 kB[22m
[2mdist/[22m[36massets/grid-3x3-DYsBEOgj.js                [39m[1m[2m  0.48 kB[22m[1m[22m[2m Γöé gzip:   0.32 kB[22m
[2mdist/[22m[36massets/feather-D7mwNJy_.js                 [39m[1m[2m  0.48 kB[22m[1m[22m[2m Γöé gzip:   0.34 kB[22m
[2mdist/[22m[36massets/mouse-pointer-D_YZmHjV.js           [39m[1m[2m  0.49 kB[22m[1m[22m[2m Γöé gzip:   0.35 kB[22m
[2mdist/[22m[36massets/scissors-DZ1G2-q2.js                [39m[1m[2m  0.49 kB[22m[1m[22m[2m Γöé gzip:   0.32 kB[22m
[2mdist/[22m[36massets/box-BZVXvaB8.js                     [39m[1m[2m  0.49 kB[22m[1m[22m[2m Γöé gzip:   0.33 kB[22m
[2mdist/[22m[36massets/move-BnXhEcyK.js                    [39m[1m[2m  0.50 kB[22m[1m[22m[2m Γöé gzip:   0.32 kB[22m
[2mdist/[22m[36massets/tag-BAuTSqQz.js                     [39m[1m[2m  0.51 kB[22m[1m[22m[2m Γöé gzip:   0.35 kB[22m
[2mdist/[22m[36massets/file-text-C1YiWlkR.js               [39m[1m[2m  0.52 kB[22m[1m[22m[2m Γöé gzip:   0.33 kB[22m
[2mdist/[22m[36massets/focus-l2NaRoeJ.js                   [39m[1m[2m  0.52 kB[22m[1m[22m[2m Γöé gzip:   0.34 kB[22m
[2mdist/[22m[36massets/layout-grid-WR0nMVSE.js             [39m[1m[2m  0.53 kB[22m[1m[22m[2m Γöé gzip:   0.31 kB[22m
[2mdist/[22m[36massets/list-ordered-DQ-J763B.js            [39m[1m[2m  0.54 kB[22m[1m[22m[2m Γöé gzip:   0.34 kB[22m
[2mdist/[22m[36massets/scale-C4rvMimb.js                   [39m[1m[2m  0.55 kB[22m[1m[22m[2m Γöé gzip:   0.35 kB[22m
[2mdist/[22m[36massets/ruler-CZTjZkzg.js                   [39m[1m[2m  0.58 kB[22m[1m[22m[2m Γöé gzip:   0.36 kB[22m
[2mdist/[22m[36massets/hand-BuX8lYJg.js                    [39m[1m[2m  0.59 kB[22m[1m[22m[2m Γöé gzip:   0.37 kB[22m
[2mdist/[22m[36massets/mouse-pointer-click-CmuYI9b0.js     [39m[1m[2m  0.60 kB[22m[1m[22m[2m Γöé gzip:   0.40 kB[22m
[2mdist/[22m[36massets/layers-CIu7E66c.js                  [39m[1m[2m  0.61 kB[22m[1m[22m[2m Γöé gzip:   0.35 kB[22m
[2mdist/[22m[36massets/waves-D7aMMD-v.js                   [39m[1m[2m  0.61 kB[22m[1m[22m[2m Γöé gzip:   0.32 kB[22m
[2mdist/[22m[36massets/sun-CoFlXsUx.js                     [39m[1m[2m  0.66 kB[22m[1m[22m[2m Γöé gzip:   0.37 kB[22m
[2mdist/[22m[36massets/copy-BHoH5r9i.js                    [39m[1m[2m  0.66 kB[22m[1m[22m[2m Γöé gzip:   0.36 kB[22m
[2mdist/[22m[36massets/settings-BIRS23rQ.js                [39m[1m[2m  0.67 kB[22m[1m[22m[2m Γöé gzip:   0.36 kB[22m
[2mdist/[22m[36massets/sparkles-Uhuv68KU.js                [39m[1m[2m  0.68 kB[22m[1m[22m[2m Γöé gzip:   0.39 kB[22m
[2mdist/[22m[36massets/palette-DNC-uLRD.js                 [39m[1m[2m  0.69 kB[22m[1m[22m[2m Γöé gzip:   0.39 kB[22m
[2mdist/[22m[36massets/calculator-DgcT65GW.js              [39m[1m[2m  0.71 kB[22m[1m[22m[2m Γöé gzip:   0.40 kB[22m
[2mdist/[22m[36massets/paintbrush-BKAjq8Ww.js              [39m[1m[2m  0.72 kB[22m[1m[22m[2m Γöé gzip:   0.45 kB[22m
[2mdist/[22m[36massets/square-dashed-BCibbt3x.js           [39m[1m[2m  0.75 kB[22m[1m[22m[2m Γöé gzip:   0.38 kB[22m
[2mdist/[22m[36massets/gauge-DNtbVig4.js                   [39m[1m[2m  0.83 kB[22m[1m[22m[2m Γöé gzip:   0.42 kB[22m
[2mdist/[22m[36massets/key-Bg5S22ek.js                     [39m[1m[2m  0.87 kB[22m[1m[22m[2m Γöé gzip:   0.43 kB[22m
[2mdist/[22m[36massets/plus-BoHFLZmG.js                    [39m[1m[2m  0.90 kB[22m[1m[22m[2m Γöé gzip:   0.37 kB[22m
[2mdist/[22m[36massets/createLucideIcon-DXqN_q5e.js        [39m[1m[2m  1.86 kB[22m[1m[22m[2m Γöé gzip:   0.80 kB[22m
[2mdist/[22m[36massets/HtmlLangCodes-SM3TNqVp.js           [39m[1m[2m  1.87 kB[22m[1m[22m[2m Γöé gzip:   0.86 kB[22m
[2mdist/[22m[36massets/HtmlUrlEncodeRef-DjEGRfSs.js        [39m[1m[2m  2.22 kB[22m[1m[22m[2m Γöé gzip:   0.97 kB[22m
[2mdist/[22m[36massets/HtmlGlobalAttributes-DJNDQoEm.js    [39m[1m[2m  2.25 kB[22m[1m[22m[2m Γöé gzip:   0.97 kB[22m
[2mdist/[22m[36massets/KeyboardShortcuts-DHjELWfG.js       [39m[1m[2m  2.39 kB[22m[1m[22m[2m Γöé gzip:   0.94 kB[22m
[2mdist/[22m[36massets/HtmlInputTypes-BoRFpzqF.js          [39m[1m[2m  2.39 kB[22m[1m[22m[2m Γöé gzip:   0.95 kB[22m
[2mdist/[22m[36massets/HtmlEvents-DNOMRr7T.js              [39m[1m[2m  2.44 kB[22m[1m[22m[2m Γöé gzip:   0.81 kB[22m
[2mdist/[22m[36massets/HtmlAttributesRef-uevKE2Er.js       [39m[1m[2m  2.45 kB[22m[1m[22m[2m Γöé gzip:   1.07 kB[22m
[2mdist/[22m[36massets/HtmlBrowserSupport-BT-q3zqH.js      [39m[1m[2m  2.51 kB[22m[1m[22m[2m Γöé gzip:   1.10 kB[22m
[2mdist/[22m[36massets/HtmlHome-C-TnmN8d.js                [39m[1m[2m  2.58 kB[22m[1m[22m[2m Γöé gzip:   0.97 kB[22m
[2mdist/[22m[36massets/HtmlHeadings-D1YSVzds.js            [39m[1m[2m  2.60 kB[22m[1m[22m[2m Γöé gzip:   0.92 kB[22m
[2mdist/[22m[36massets/HtmlCharacterSets-BWOxeJtR.js       [39m[1m[2m  2.60 kB[22m[1m[22m[2m Γöé gzip:   1.11 kB[22m
[2mdist/[22m[36massets/HtmlInputAttributes-DEQ_mpWo.js     [39m[1m[2m  2.61 kB[22m[1m[22m[2m Γöé gzip:   1.07 kB[22m
[2mdist/[22m[36massets/HtmlHttpMethods-DehuPhZQ.js         [39m[1m[2m  2.64 kB[22m[1m[22m[2m Γöé gzip:   1.23 kB[22m
[2mdist/[22m[36massets/HtmlDoctypes-SZVWHc6S.js            [39m[1m[2m  2.73 kB[22m[1m[22m[2m Γöé gzip:   1.04 kB[22m
[2mdist/[22m[36massets/HtmlMedia-D5Unurjj.js               [39m[1m[2m  2.83 kB[22m[1m[22m[2m Γöé gzip:   1.07 kB[22m
[2mdist/[22m[36massets/HtmlCanvasRef-VASnKtLR.js           [39m[1m[2m  3.00 kB[22m[1m[22m[2m Γöé gzip:   1.19 kB[22m
[2mdist/[22m[36massets/HtmlWebApis-DCP63chj.js             [39m[1m[2m  3.00 kB[22m[1m[22m[2m Γöé gzip:   1.25 kB[22m
[2mdist/[22m[36massets/HtmlComments-ckLZyuPj.js            [39m[1m[2m  3.03 kB[22m[1m[22m[2m Γöé gzip:   1.06 kB[22m
[2mdist/[22m[36massets/HtmlUrlEncode-BRrksnKl.js           [39m[1m[2m  3.05 kB[22m[1m[22m[2m Γöé gzip:   1.14 kB[22m
[2mdist/[22m[36massets/HtmlEmojis-D5iafphR.js              [39m[1m[2m  3.12 kB[22m[1m[22m[2m Γöé gzip:   1.20 kB[22m
[2mdist/[22m[36massets/HtmlDiv-Dyo2pvCw.js                 [39m[1m[2m  3.17 kB[22m[1m[22m[2m Γöé gzip:   1.24 kB[22m
[2mdist/[22m[36massets/HtmlHttpMessages-BIHGuXN_.js        [39m[1m[2m  3.28 kB[22m[1m[22m[2m Γöé gzip:   1.24 kB[22m
[2mdist/[22m[36massets/HtmlAudioVideoRef-DKhj5_vr.js       [39m[1m[2m  3.43 kB[22m[1m[22m[2m Γöé gzip:   1.25 kB[22m
[2mdist/[22m[36massets/HtmlCharsets-DQnHkGNp.js            [39m[1m[2m  3.46 kB[22m[1m[22m[2m Γöé gzip:   1.31 kB[22m
[2mdist/[22m[36massets/InputFormAttributes-BY5WDCNL.js     [39m[1m[2m  3.47 kB[22m[1m[22m[2m Γöé gzip:   1.23 kB[22m
[2mdist/[22m[36massets/HtmlPlugins-BtLh-QqZ.js             [39m[1m[2m  3.50 kB[22m[1m[22m[2m Γöé gzip:   1.38 kB[22m
[2mdist/[22m[36massets/HtmlClasses-CuvqCBnv.js             [39m[1m[2m  3.59 kB[22m[1m[22m[2m Γöé gzip:   1.25 kB[22m
[2mdist/[22m[36massets/HtmlFilePaths-Dnzx5o7s.js           [39m[1m[2m  3.68 kB[22m[1m[22m[2m Γöé gzip:   1.22 kB[22m
[2mdist/[22m[36massets/HtmlIframes-CQcAHr1i.js             [39m[1m[2m  3.68 kB[22m[1m[22m[2m Γöé gzip:   1.24 kB[22m
[2mdist/[22m[36massets/HtmlComputercode-KMeQuz-z.js        [39m[1m[2m  3.73 kB[22m[1m[22m[2m Γöé gzip:   1.11 kB[22m
[2mdist/[22m[36massets/PxToEmConverter-eNyvCB1X.js         [39m[1m[2m  3.74 kB[22m[1m[22m[2m Γöé gzip:   1.37 kB[22m
[2mdist/[22m[36massets/HtmlYoutube-CF0nwDNi.js             [39m[1m[2m  3.78 kB[22m[1m[22m[2m Γöé gzip:   1.39 kB[22m
[2mdist/[22m[36massets/HtmlVsXhtml-shoyvHpd.js             [39m[1m[2m  3.78 kB[22m[1m[22m[2m Γöé gzip:   1.69 kB[22m
[2mdist/[22m[36massets/HtmlSymbols-1QWlEFQY.js             [39m[1m[2m  3.93 kB[22m[1m[22m[2m Γöé gzip:   1.00 kB[22m
[2mdist/[22m[36massets/HtmlEntities-Bd4Wq00e.js            [39m[1m[2m  3.96 kB[22m[1m[22m[2m Γöé gzip:   1.29 kB[22m
[2mdist/[22m[36massets/HtmlPageTitle-AUJFex8f.js           [39m[1m[2m  3.98 kB[22m[1m[22m[2m Γöé gzip:   1.58 kB[22m
[2mdist/[22m[36massets/HtmlWebWorkers-7SIT1a6C.js          [39m[1m[2m  3.99 kB[22m[1m[22m[2m Γöé gzip:   1.56 kB[22m
[2mdist/[22m[36massets/HtmlGeolocation-B4NYxMb7.js         [39m[1m[2m  4.06 kB[22m[1m[22m[2m Γöé gzip:   1.49 kB[22m
[2mdist/[22m[36massets/HtmlParagraphs-Dk1qHHGM.js          [39m[1m[2m  4.07 kB[22m[1m[22m[2m Γöé gzip:   1.14 kB[22m
[2mdist/[22m[36massets/HtmlDragAndDrop-Ds9gDPvz.js         [39m[1m[2m  4.15 kB[22m[1m[22m[2m Γöé gzip:   1.53 kB[22m
[2mdist/[22m[36massets/HtmlWebStorage-Dv8OR5vb.js          [39m[1m[2m  4.15 kB[22m[1m[22m[2m Γöé gzip:   1.52 kB[22m
[2mdist/[22m[36massets/HtmlTagList-d_A2DiJz.js             [39m[1m[2m  4.16 kB[22m[1m[22m[2m Γöé gzip:   1.41 kB[22m
[2mdist/[22m[36massets/HtmlResponsive-TX_EbDc3.js          [39m[1m[2m  4.17 kB[22m[1m[22m[2m Γöé gzip:   1.58 kB[22m
[2mdist/[22m[36massets/HtmlSse-Bd7-XeK4.js                 [39m[1m[2m  4.33 kB[22m[1m[22m[2m Γöé gzip:   1.64 kB[22m
[2mdist/[22m[36massets/HtmlLayout-CVebi0Nv.js              [39m[1m[2m  4.34 kB[22m[1m[22m[2m Γöé gzip:   1.44 kB[22m
[2mdist/[22m[36massets/HtmlHead-LMNGAYHB.js                [39m[1m[2m  4.36 kB[22m[1m[22m[2m Γöé gzip:   1.54 kB[22m
[2mdist/[22m[36massets/HtmlStyles-BfL50czx.js              [39m[1m[2m  4.41 kB[22m[1m[22m[2m Γöé gzip:   1.17 kB[22m
[2mdist/[22m[36massets/HtmlFavicon-sJ-Xgiz7.js             [39m[1m[2m  4.53 kB[22m[1m[22m[2m Γöé gzip:   1.48 kB[22m
[2mdist/[22m[36massets/HtmlFormElements-D9uiH_Pz.js        [39m[1m[2m  4.65 kB[22m[1m[22m[2m Γöé gzip:   1.32 kB[22m
[2mdist/[22m[36massets/HtmlAudio-Bcl1EiXE.js               [39m[1m[2m  4.70 kB[22m[1m[22m[2m Γöé gzip:   1.27 kB[22m
[2mdist/[22m[36massets/HtmlBasic-DZ3oYr42.js               [39m[1m[2m  4.71 kB[22m[1m[22m[2m Γöé gzip:   1.43 kB[22m
[2mdist/[22m[36massets/HtmlId-nDyKDZrT.js                  [39m[1m[2m  4.81 kB[22m[1m[22m[2m Γöé gzip:   1.50 kB[22m
[2mdist/[22m[36massets/HtmlJavascript-X7hWGPPi.js          [39m[1m[2m  4.84 kB[22m[1m[22m[2m Γöé gzip:   1.56 kB[22m
[2mdist/[22m[36massets/HtmlSvg-BM6CKtr9.js                 [39m[1m[2m  4.84 kB[22m[1m[22m[2m Γöé gzip:   1.59 kB[22m
[2mdist/[22m[36massets/HtmlSemantics-1zYUHxLq.js           [39m[1m[2m  4.91 kB[22m[1m[22m[2m Γöé gzip:   1.47 kB[22m
[2mdist/[22m[36massets/HtmlStyleGuide-DGIIahde.js          [39m[1m[2m  4.91 kB[22m[1m[22m[2m Γöé gzip:   1.71 kB[22m
[2mdist/[22m[36massets/HtmlFormAttributes-BGRur80D.js      [39m[1m[2m  4.95 kB[22m[1m[22m[2m Γöé gzip:   1.45 kB[22m
[2mdist/[22m[36massets/HtmlLists-BmG5A3XK.js               [39m[1m[2m  5.04 kB[22m[1m[22m[2m Γöé gzip:   1.08 kB[22m
[2mdist/[22m[36massets/HtmlCanvas-BjISdWWF.js              [39m[1m[2m  5.29 kB[22m[1m[22m[2m Γöé gzip:   1.62 kB[22m
[2mdist/[22m[36massets/HtmlAttributes-BtCMlBWm.js          [39m[1m[2m  5.45 kB[22m[1m[22m[2m Γöé gzip:   1.57 kB[22m
[2mdist/[22m[36massets/HtmlColorsRef-BiQIB8D3.js           [39m[1m[2m  5.75 kB[22m[1m[22m[2m Γöé gzip:   1.93 kB[22m
[2mdist/[22m[36massets/HtmlColors-maOrWG89.js              [39m[1m[2m  5.84 kB[22m[1m[22m[2m Γöé gzip:   1.49 kB[22m
[2mdist/[22m[36massets/HtmlBlockInline-CkA9hGL6.js         [39m[1m[2m  5.89 kB[22m[1m[22m[2m Γöé gzip:   1.40 kB[22m
[2mdist/[22m[36massets/HtmlCss-BIwCRO3Y.js                 [39m[1m[2m  5.90 kB[22m[1m[22m[2m Γöé gzip:   1.83 kB[22m
[2mdist/[22m[36massets/HtmlForms-CQGc7Kny.js               [39m[1m[2m  5.93 kB[22m[1m[22m[2m Γöé gzip:   1.84 kB[22m
[2mdist/[22m[36massets/HtmlTables-CbHo_z1N.js              [39m[1m[2m  5.95 kB[22m[1m[22m[2m Γöé gzip:   1.57 kB[22m
[2mdist/[22m[36massets/HtmlEditors-4a_WFLoh.js             [39m[1m[2m  6.13 kB[22m[1m[22m[2m Γöé gzip:   1.86 kB[22m
[2mdist/[22m[36massets/HtmlVideo-Dz055Yhg.js               [39m[1m[2m  6.27 kB[22m[1m[22m[2m Γöé gzip:   1.52 kB[22m
[2mdist/[22m[36massets/HtmlQuotations-DyLD5ELc.js          [39m[1m[2m  6.36 kB[22m[1m[22m[2m Γöé gzip:   1.73 kB[22m
[2mdist/[22m[36massets/HtmlElements-DEqSrC6X.js            [39m[1m[2m  6.69 kB[22m[1m[22m[2m Γöé gzip:   1.60 kB[22m
[2mdist/[22m[36massets/CssHome-5iYsL3Yd.js                 [39m[1m[2m  7.16 kB[22m[1m[22m[2m Γöé gzip:   2.83 kB[22m
[2mdist/[22m[36massets/HtmlLinks-n_29ThOV.js               [39m[1m[2m  7.29 kB[22m[1m[22m[2m Γöé gzip:   1.98 kB[22m
[2mdist/[22m[36massets/HtmlIntroduction-BUHNLKYz.js        [39m[1m[2m  7.62 kB[22m[1m[22m[2m Γöé gzip:   2.03 kB[22m
[2mdist/[22m[36massets/CssOpacity-B7_6VYqe.js              [39m[1m[2m  8.09 kB[22m[1m[22m[2m Γöé gzip:   2.93 kB[22m
[2mdist/[22m[36massets/HtmlImages-C4A0WJxo.js              [39m[1m[2m  8.22 kB[22m[1m[22m[2m Γöé gzip:   2.27 kB[22m
[2mdist/[22m[36massets/HtmlFormatting-m491pRMV.js          [39m[1m[2m  8.35 kB[22m[1m[22m[2m Γöé gzip:   1.71 kB[22m
[2mdist/[22m[36massets/CssUserInterface-DmyGd1st.js        [39m[1m[2m  8.56 kB[22m[1m[22m[2m Γöé gzip:   3.03 kB[22m
[2mdist/[22m[36massets/CssImageSprites-xRPSIxb7.js         [39m[1m[2m  8.57 kB[22m[1m[22m[2m Γöé gzip:   2.87 kB[22m
[2mdist/[22m[36massets/CssCombinators-0d1iHagD.js          [39m[1m[2m  8.62 kB[22m[1m[22m[2m Γöé gzip:   2.76 kB[22m
[2mdist/[22m[36massets/CssOverflow-khvOhUqi.js             [39m[1m[2m  8.75 kB[22m[1m[22m[2m Γöé gzip:   2.98 kB[22m
[2mdist/[22m[36massets/CssCounters-B9TftXfH.js             [39m[1m[2m  8.97 kB[22m[1m[22m[2m Γöé gzip:   2.85 kB[22m
[2mdist/[22m[36massets/CssTransitions-DSKL-mcf.js          [39m[1m[2m  9.47 kB[22m[1m[22m[2m Γöé gzip:   3.09 kB[22m
[2mdist/[22m[36massets/CssAlign-CERB66wI.js                [39m[1m[2m  9.54 kB[22m[1m[22m[2m Γöé gzip:   3.30 kB[22m
[2mdist/[22m[36massets/CssIntroduction-p-rRURpz.js         [39m[1m[2m  9.58 kB[22m[1m[22m[2m Γöé gzip:   3.24 kB[22m
[2mdist/[22m[36massets/CssPseudoClasses-CWkC2LXB.js        [39m[1m[2m  9.59 kB[22m[1m[22m[2m Γöé gzip:   3.21 kB[22m
[2mdist/[22m[36massets/CssWebsiteLayout-DjDgqV77.js        [39m[1m[2m  9.64 kB[22m[1m[22m[2m Γöé gzip:   3.19 kB[22m
[2mdist/[22m[36massets/CssLists-D8ebmUlD.js                [39m[1m[2m 10.29 kB[22m[1m[22m[2m Γöé gzip:   3.40 kB[22m
[2mdist/[22m[36massets/CssPseudoElements-CO65dwE0.js       [39m[1m[2m 10.33 kB[22m[1m[22m[2m Γöé gzip:   3.29 kB[22m
[2mdist/[22m[36massets/CssWebFonts-CRqx7s3h.js             [39m[1m[2m 10.39 kB[22m[1m[22m[2m Γöé gzip:   3.38 kB[22m
[2mdist/[22m[36massets/CssShadows-VG9mdDlS.js              [39m[1m[2m 10.41 kB[22m[1m[22m[2m Γöé gzip:   3.01 kB[22m
[2mdist/[22m[36massets/CssForms-CBtpksjB.js                [39m[1m[2m 10.52 kB[22m[1m[22m[2m Γöé gzip:   3.49 kB[22m
[2mdist/[22m[36massets/CssSpecificity-DVfUDUAs.js          [39m[1m[2m 10.73 kB[22m[1m[22m[2m Γöé gzip:   3.67 kB[22m
[2mdist/[22m[36massets/CssMaxWidth-CFsYXHhu.js             [39m[1m[2m 10.73 kB[22m[1m[22m[2m Γöé gzip:   3.57 kB[22m
[2mdist/[22m[36massets/CssMathFunctions-B6bNvq42.js        [39m[1m[2m 10.75 kB[22m[1m[22m[2m Γöé gzip:   3.44 kB[22m
[2mdist/[22m[36massets/CssIcons-DnYBJHTG.js                [39m[1m[2m 10.77 kB[22m[1m[22m[2m Γöé gzip:   4.02 kB[22m
[2mdist/[22m[36massets/CssVariables-CSy2BsUT.js            [39m[1m[2m 10.80 kB[22m[1m[22m[2m Γöé gzip:   3.59 kB[22m
[2mdist/[22m[36massets/CssZIndex-B3ZemNLF.js               [39m[1m[2m 10.81 kB[22m[1m[22m[2m Γöé gzip:   3.57 kB[22m
[2mdist/[22m[36massets/CssRoundedCorners-DoBV_rm3.js       [39m[1m[2m 10.85 kB[22m[1m[22m[2m Γöé gzip:   3.02 kB[22m
[2mdist/[22m[36massets/Comming-D6KWiN0t.js                 [39m[1m[2m 10.87 kB[22m[1m[22m[2m Γöé gzip:   3.36 kB[22m
[2mdist/[22m[36massets/CssLinks-1YG5tTwb.js                [39m[1m[2m 10.92 kB[22m[1m[22m[2m Γöé gzip:   3.60 kB[22m
[2mdist/[22m[36massets/CssImportant-DogrpArf.js            [39m[1m[2m 11.04 kB[22m[1m[22m[2m Γöé gzip:   3.81 kB[22m
[2mdist/[22m[36massets/CssColorKeywords-BB5Esu_r.js        [39m[1m[2m 11.13 kB[22m[1m[22m[2m Γöé gzip:   3.88 kB[22m
[2mdist/[22m[36massets/CssInlineBlock-Dd0MVo1t.js          [39m[1m[2m 11.14 kB[22m[1m[22m[2m Γöé gzip:   3.51 kB[22m
[2mdist/[22m[36massets/CssOutline-pd2lIZUx.js              [39m[1m[2m 11.21 kB[22m[1m[22m[2m Γöé gzip:   3.63 kB[22m
[2mdist/[22m[36massets/CssAttrSelectors-ldy2R2wx.js        [39m[1m[2m 11.34 kB[22m[1m[22m[2m Γöé gzip:   3.46 kB[22m
[2mdist/[22m[36massets/CssComments-CO9WiYUk.js             [39m[1m[2m 11.42 kB[22m[1m[22m[2m Γöé gzip:   3.92 kB[22m
[2mdist/[22m[36massets/CssGradients-HpbV_Wxz.js            [39m[1m[2m 11.53 kB[22m[1m[22m[2m Γöé gzip:   3.38 kB[22m
[2mdist/[22m[36massets/CssFonts-RWDhQEa5.js                [39m[1m[2m 11.57 kB[22m[1m[22m[2m Γöé gzip:   3.97 kB[22m
[2mdist/[22m[36massets/CssMargins-CKMnnML0.js              [39m[1m[2m 11.87 kB[22m[1m[22m[2m Γöé gzip:   3.72 kB[22m
[2mdist/[22m[36massets/CssFloat-DeY7-lZt.js                [39m[1m[2m 11.88 kB[22m[1m[22m[2m Γöé gzip:   3.76 kB[22m
[2mdist/[22m[36massets/CssBackgrounds-CDNkZL7M.js          [39m[1m[2m 11.98 kB[22m[1m[22m[2m Γöé gzip:   3.85 kB[22m
[2mdist/[22m[36massets/CssBorderImages-Cs5rndDl.js         [39m[1m[2m 12.06 kB[22m[1m[22m[2m Γöé gzip:   3.63 kB[22m
[2mdist/[22m[36massets/CssDisplay-CZGIHafk.js              [39m[1m[2m 12.09 kB[22m[1m[22m[2m Γöé gzip:   4.00 kB[22m
[2mdist/[22m[36massets/CssNavigationBars-Jn6VSC-d.js       [39m[1m[2m 12.32 kB[22m[1m[22m[2m Γöé gzip:   3.25 kB[22m
[2mdist/[22m[36massets/CssTextEffects-C07tK4BI.js          [39m[1m[2m 12.39 kB[22m[1m[22m[2m Γöé gzip:   3.81 kB[22m
[2mdist/[22m[36massets/CssAdvancedColors-yhA03GZz.js       [39m[1m[2m 12.42 kB[22m[1m[22m[2m Γöé gzip:   4.26 kB[22m
[2mdist/[22m[36massets/CssAccessibility--UsjWD80.js        [39m[1m[2m 12.53 kB[22m[1m[22m[2m Γöé gzip:   4.27 kB[22m
[2mdist/[22m[36massets/CssErrors-C4Ntk9kI.js               [39m[1m[2m 12.60 kB[22m[1m[22m[2m Γöé gzip:   4.44 kB[22m
[2mdist/[22m[36massets/CssColors-BVX5xM0M.js               [39m[1m[2m 12.62 kB[22m[1m[22m[2m Γöé gzip:   4.53 kB[22m
[2mdist/[22m[36massets/CssTables-CNHNvX8h.js               [39m[1m[2m 12.63 kB[22m[1m[22m[2m Γöé gzip:   4.23 kB[22m
[2mdist/[22m[36massets/CssOptimization-DJXzTo1X.js         [39m[1m[2m 12.74 kB[22m[1m[22m[2m Γöé gzip:   4.58 kB[22m
[2mdist/[22m[36massets/CssText-BSHv0gPT.js                 [39m[1m[2m 12.83 kB[22m[1m[22m[2m Γöé gzip:   4.08 kB[22m
[2mdist/[22m[36massets/CssPadding-6smQ02zh.js              [39m[1m[2m 12.87 kB[22m[1m[22m[2m Γöé gzip:   4.11 kB[22m
[2mdist/[22m[36massets/CssHeightWidth-Bwom3Qf4.js          [39m[1m[2m 13.03 kB[22m[1m[22m[2m Γöé gzip:   4.01 kB[22m
[2mdist/[22m[36massets/CssHowTo-Bw5P3Av9.js                [39m[1m[2m 13.08 kB[22m[1m[22m[2m Γöé gzip:   4.36 kB[22m
node.exe : [33m
At C:\Program Files\nod
ejs\npm.ps1:29 char:3
+   & $NODE_EXE 
$NPM_CLI_JS $args
+   ~~~~~~~~~~~~~~~~~~~
~~~~~~~~~~
    + CategoryInfo     
         : 
NotSpecified: ([3    
3m:String) [], RemoteE 
   xception
    + 
FullyQualifiedErrorI   
 d : NativeCommandError
 
(!) Some chunks are 
larger than 500 kB 
after minification. 
Consider:
- Using dynamic 
import() to code-split 
the application
- Use build.rollupOptio
ns.output.manualChunks 
to improve chunking: ht
tps://rollupjs.org/conf
iguration-options/#outp
ut-manualchunks
- Adjust chunk size 
limit for this warning 
via build.chunkSizeWarn
ingLimit.[39m
[2mdist/[22m[36massets/CssBorders-D8eXJqIn.js              [39m[1m[2m 13.14 kB[22m[1m[22m[2m Γöé gzip:   4.42 kB[22m
[2mdist/[22m[36massets/CssPosition-ChlZ6TRs.js             [39m[1m[2m 13.24 kB[22m[1m[22m[2m Γöé gzip:   4.23 kB[22m
[2mdist/[22m[36massets/CssSyntax-DH1bASrQ.js               [39m[1m[2m 13.57 kB[22m[1m[22m[2m Γöé gzip:   3.95 kB[22m
[2mdist/[22m[36massets/Css2dTransforms-t5L9Ej-A.js         [39m[1m[2m 13.68 kB[22m[1m[22m[2m Γöé gzip:   4.69 kB[22m
[2mdist/[22m[36massets/CssDropdowns-BPFpmETp.js            [39m[1m[2m 13.81 kB[22m[1m[22m[2m Γöé gzip:   4.00 kB[22m
[2mdist/[22m[36massets/CssImageGallery-DXcvQD2H.js         [39m[1m[2m 13.95 kB[22m[1m[22m[2m Γöé gzip:   3.81 kB[22m
[2mdist/[22m[36massets/CssBoxModel-Crf-19Gb.js             [39m[1m[2m 14.00 kB[22m[1m[22m[2m Γöé gzip:   4.22 kB[22m
[2mdist/[22m[36massets/CssSelectors-BYi5tiFj.js            [39m[1m[2m 14.19 kB[22m[1m[22m[2m Γöé gzip:   4.46 kB[22m
[2mdist/[22m[36massets/CssUnits-BjvfUNwr.js                [39m[1m[2m 14.36 kB[22m[1m[22m[2m Γöé gzip:   3.90 kB[22m
[2mdist/[22m[36massets/CssAdvancedBackgrounds-_jUAIsgW.js  [39m[1m[2m 14.52 kB[22m[1m[22m[2m Γöé gzip:   5.05 kB[22m
[2mdist/[22m[36massets/Css3dTransforms-s9vo-_na.js         [39m[1m[2m 16.11 kB[22m[1m[22m[2m Γöé gzip:   5.19 kB[22m
[2mdist/[22m[36massets/MathematicalOperations-DPT0jBat.js  [39m[1m[2m 28.10 kB[22m[1m[22m[2m Γöé gzip:   7.54 kB[22m
[2mdist/[22m[36massets/NumpyIntro-pXxHscoW.js              [39m[1m[2m 29.66 kB[22m[1m[22m[2m Γöé gzip:   6.89 kB[22m
[2mdist/[22m[36massets/NumpyHome-BtdufTcd.js               [39m[1m[2m162.62 kB[22m[1m[22m[2m Γöé gzip:  16.44 kB[22m
[2mdist/[22m[36massets/index-BvjuNZjb.js                   [39m[1m[33m580.75 kB[39m[22m[2m Γöé gzip: 160.41 kB[22m
[32mΓ£ô built in 6.90s[39m
