data/components.tsx(9,28): error TS2307: Cannot find module '@uiw/codemirror-theme-vscode' or its corresponding type declarations.
data/css/Css2dTransforms.tsx(316,28): error TS2322: Type '{ title: string; icon: react.ForwardRefExoticComponent<any>; color: string; description: string; codeSnippet: string; demoStyle: { animation: string; transform?: undefined; transition?: undefined; }; key: string; } | { title: string; ... 5 more ...; key: string; }' is not assignable to type '{ title: any; description: any; icon: any; color: any; codeSnippet: any; demoStyle: any; }'.
  Type '{ title: string; icon: react.ForwardRefExoticComponent<any>; color: string; description: string; codeSnippet: string; demoStyle: { animation: string; transform?: undefined; transition?: undefined; }; key: string; }' is not assignable to type '{ title: any; description: any; icon: any; color: any; codeSnippet: any; demoStyle: any; }'.
    Property 'key' does not exist on type '{ title: any; description: any; icon: any; color: any; codeSnippet: any; demoStyle: any; }'.
data/css/Css3dTransforms.tsx(378,28): error TS2322: Type '{ title: string; icon: react.ForwardRefExoticComponent<any>; color: string; description: string; codeSnippet: string; demoStyle: { transform: string; transition: string; transformOrigin: string; animation?: undefined; transformStyle?: undefined; backgroundColor?: undefined; }; customDemo?: undefined; key: string; } ...' is not assignable to type '{ title: any; description: any; icon: any; color: any; codeSnippet: any; demoStyle: any; }'.
  Type '{ title: string; icon: react.ForwardRefExoticComponent<any>; color: string; description: string; codeSnippet: string; demoStyle: { transform: string; transition: string; transformOrigin: string; animation?: undefined; transformStyle?: undefined; backgroundColor?: undefined; }; customDemo?: undefined; key: string; }' is not assignable to type '{ title: any; description: any; icon: any; color: any; codeSnippet: any; demoStyle: any; }'.
    Property 'key' does not exist on type '{ title: any; description: any; icon: any; color: any; codeSnippet: any; demoStyle: any; }'.
data/css/CssAccessibility.tsx(285,28): error TS2322: Type '{ title: string; icon: react.ForwardRefExoticComponent<any>; color: string; description: string; codeSnippet: string; key: string; }' is not assignable to type '{ title: any; description: any; icon: any; color: any; codeSnippet: any; exampleClass: any; }'.
  Property 'key' does not exist on type '{ title: any; description: any; icon: any; color: any; codeSnippet: any; exampleClass: any; }'.
data/css/CssAdvancedBackgrounds.tsx(418,29): error TS2322: Type '{ title: string; icon: react.ForwardRefExoticComponent<any>; color: string; description: string; codeSnippet: string; key: string; }' is not assignable to type '{ title: any; description: any; icon: any; color: any; codeSnippet: any; }'.
  Property 'key' does not exist on type '{ title: any; description: any; icon: any; color: any; codeSnippet: any; }'.
data/css/CssAdvancedColors.tsx(364,24): error TS2322: Type '{ title: string; icon: react.ForwardRefExoticComponent<any>; color: string; description: string; codeSnippet: string; key: string; }' is not assignable to type '{ title: any; description: any; icon: any; color: any; codeSnippet: any; }'.
  Property 'key' does not exist on type '{ title: any; description: any; icon: any; color: any; codeSnippet: any; }'.
data/css/CssAlign.tsx(166,35): error TS2322: Type '{ id: string; title: string; icon: react.ForwardRefExoticComponent<any>; color: string; description: string; syntaxCode: string; key: number; }' is not assignable to type '{ title: any; icon: any; color: any; description: any; syntaxCode: any; }'.
  Property 'key' does not exist on type '{ title: any; icon: any; color: any; description: any; syntaxCode: any; }'.
data/css/CssAttrSelectors.tsx(143,21): error TS2322: Type '{ key: number; title: string; icon: react.ForwardRefExoticComponent<any>; color: string; description: string; syntax: string; useCase: string; }' is not assignable to type '{ title: any; icon: any; color: any; description: any; syntax: any; useCase: any; }'.
  Property 'key' does not exist on type '{ title: any; icon: any; color: any; description: any; syntax: any; useCase: any; }'.
data/css/CssBackgrounds.tsx(176,17): error TS2322: Type '{ key: number; title: string; icon: react.ForwardRefExoticComponent<any>; color: string; description: string; syntaxCode: string; keyBenefit: string; }' is not assignable to type '{ title: any; icon: any; color: any; description: any; syntaxCode: any; keyBenefit: any; tabs: any; codeForTab: any; }'.
  Property 'key' does not exist on type '{ title: any; icon: any; color: any; description: any; syntaxCode: any; keyBenefit: any; tabs: any; codeForTab: any; }'.
data/css/CssBorders.tsx(190,17): error TS2322: Type '{ key: number; title: string; icon: react.ForwardRefExoticComponent<any>; color: string; description: string; syntaxCode: string; keyBenefit: string; }' is not assignable to type '{ title: any; icon: any; color: any; description: any; syntaxCode: any; keyBenefit: any; }'.
  Property 'key' does not exist on type '{ title: any; icon: any; color: any; description: any; syntaxCode: any; keyBenefit: any; }'.
data/css/CssBoxModel.tsx(209,17): error TS2322: Type '{ key: number; title: string; icon: react.ForwardRefExoticComponent<any>; color: string; description: string; syntaxCode: string; keyBenefit: string; }' is not assignable to type '{ title: any; icon: any; color: any; description: any; syntaxCode: any; keyBenefit: any; }'.
  Property 'key' does not exist on type '{ title: any; icon: any; color: any; description: any; syntaxCode: any; keyBenefit: any; }'.
data/css/CssColors.tsx(254,17): error TS2322: Type '{ key: number; title: string; icon: react.ForwardRefExoticComponent<any>; color: string; description: string; syntaxCode: string; keyBenefit: string; }' is not assignable to type '{ title: any; icon: any; color: any; description: any; syntaxCode: any; keyBenefit: any; }'.
  Property 'key' does not exist on type '{ title: any; icon: any; color: any; description: any; syntaxCode: any; keyBenefit: any; }'.
data/css/CssCombinators.tsx(159,35): error TS2322: Type '{ id: string; title: string; icon: react.ForwardRefExoticComponent<any>; color: string; description: string; syntaxCode: string; key: string; }' is not assignable to type '{ title: any; icon: any; color: any; description: any; syntaxCode: any; }'.
  Property 'key' does not exist on type '{ title: any; icon: any; color: any; description: any; syntaxCode: any; }'.
data/css/CssCombinators.tsx(194,22): error TS2739: Type '{ id: string; tag: string; }' is missing the following properties from type '{ id: any; tag: any; children: any; className: any; }': children, className
data/css/CssCombinators.tsx(196,26): error TS2739: Type '{ id: string; tag: string; }' is missing the following properties from type '{ id: any; tag: any; children: any; className: any; }': children, className
data/css/CssCombinators.tsx(198,30): error TS2739: Type '{ id: string; tag: string; }' is missing the following properties from type '{ id: any; tag: any; children: any; className: any; }': children, className
data/css/CssCombinators.tsx(200,26): error TS2739: Type '{ id: string; tag: string; }' is missing the following properties from type '{ id: any; tag: any; children: any; className: any; }': children, className
data/css/CssCombinators.tsx(202,22): error TS2739: Type '{ id: string; tag: string; }' is missing the following properties from type '{ id: any; tag: any; children: any; className: any; }': children, className
data/css/CssCombinators.tsx(203,22): error TS2739: Type '{ id: string; tag: string; }' is missing the following properties from type '{ id: any; tag: any; children: any; className: any; }': children, className
data/css/CssComments.tsx(78,19): error TS2741: Property 'title' is missing in type '{ code: any; language: string; }' but required in type '{ code: any; language?: string; title: any; style?: {}; }'.
data/css/CssComments.tsx(181,17): error TS2322: Type '{ key: number; title: string; icon: any; color: string; description: string; code: string; badge: string; }' is not assignable to type '{ title: any; icon: any; color: any; description: any; code: any; language?: string; badge: any; }'.
  Property 'key' does not exist on type '{ title: any; icon: any; color: any; description: any; code: any; language?: string; badge: any; }'.
data/css/CssDisplay.tsx(225,35): error TS2322: Type '{ title: string; icon: react.ForwardRefExoticComponent<any>; color: string; description: string; syntaxCode: string; keyBenefit: string; key: number; }' is not assignable to type '{ title: any; icon: any; color: any; description: any; syntaxCode: any; keyBenefit: any; }'.
  Property 'key' does not exist on type '{ title: any; icon: any; color: any; description: any; syntaxCode: any; keyBenefit: any; }'.
data/css/CssDisplay.tsx(309,35): error TS2322: Type '{ title: string; icon: react.ForwardRefExoticComponent<any>; color: string; description: string; syntaxCode: string; keyBenefit: string; key: number; }' is not assignable to type '{ title: any; icon: any; color: any; description: any; syntaxCode: any; keyBenefit: any; }'.
  Property 'key' does not exist on type '{ title: any; icon: any; color: any; description: any; syntaxCode: any; keyBenefit: any; }'.
data/css/CssErrors.tsx(185,17): error TS2322: Type '{ key: number; title: string; icon: react.ForwardRefExoticComponent<any>; color: string; description: string; problemCode: string; fixedCode: string; badge: string; }' is not assignable to type '{ title: any; icon: any; color: any; description: any; problemCode: any; fixedCode: any; badge: any; }'.
  Property 'key' does not exist on type '{ title: any; icon: any; color: any; description: any; problemCode: any; fixedCode: any; badge: any; }'.
data/css/CssFloat.tsx(138,35): error TS2322: Type '{ title: string; icon: react.ForwardRefExoticComponent<any>; color: string; description: string; syntaxCode: string; key: number; }' is not assignable to type '{ title: any; icon: any; color: any; description: any; syntaxCode: any; }'.
  Property 'key' does not exist on type '{ title: any; icon: any; color: any; description: any; syntaxCode: any; }'.
data/css/CssFonts.tsx(188,33): error TS2322: Type '{ title: string; icon: react.ForwardRefExoticComponent<any>; color: string; description: string; syntaxCode: string; keyBenefit: string; key: number; }' is not assignable to type '{ title: any; icon: any; color: any; description: any; syntaxCode: any; keyBenefit: any; }'.
  Property 'key' does not exist on type '{ title: any; icon: any; color: any; description: any; syntaxCode: any; keyBenefit: any; }'.
data/css/CssFonts.tsx(203,33): error TS2322: Type '{ title: string; icon: react.ForwardRefExoticComponent<any>; color: string; description: string; syntaxCode: string; keyBenefit: string; key: number; }' is not assignable to type '{ title: any; icon: any; color: any; description: any; syntaxCode: any; keyBenefit: any; }'.
  Property 'key' does not exist on type '{ title: any; icon: any; color: any; description: any; syntaxCode: any; keyBenefit: any; }'.
data/css/CssHeightWidth.tsx(180,17): error TS2322: Type '{ key: number; title: string; icon: react.ForwardRefExoticComponent<any>; color: string; description: string; syntaxCode: string; keyBenefit: string; }' is not assignable to type '{ title: any; icon: any; color: any; description: any; syntaxCode: any; keyBenefit: any; }'.
  Property 'key' does not exist on type '{ title: any; icon: any; color: any; description: any; syntaxCode: any; keyBenefit: any; }'.
data/css/CssHome.tsx(120,15): error TS2322: Type '{ key: number; title: string; icon: react.ForwardRefExoticComponent<any>; description: string; color: string; }' is not assignable to type '{ title: any; icon: any; description: any; color: any; }'.
  Property 'key' does not exist on type '{ title: any; icon: any; description: any; color: any; }'.
data/css/CssHowTo.tsx(78,19): error TS2741: Property 'title' is missing in type '{ code: any; language: string; }' but required in type '{ code: any; language?: string; title: any; style?: {}; }'.
data/css/CssHowTo.tsx(191,17): error TS2322: Type '{ key: number; title: string; icon: react.ForwardRefExoticComponent<any>; color: string; description: string; code: string; language: string; badge: string; }' is not assignable to type '{ title: any; icon: any; color: any; description: any; code: any; language?: string; badge: any; }'.
  Property 'key' does not exist on type '{ title: any; icon: any; color: any; description: any; code: any; language?: string; badge: any; }'.
data/css/CssIcons.tsx(182,35): error TS2322: Type '{ title: string; icon: react.ForwardRefExoticComponent<any>; color: string; description: string; syntaxCode: string; keyBenefit: string; key: number; }' is not assignable to type '{ title: any; icon: any; color: any; description: any; syntaxCode: any; keyBenefit: any; }'.
  Property 'key' does not exist on type '{ title: any; icon: any; color: any; description: any; syntaxCode: any; keyBenefit: any; }'.
data/css/CssIcons.tsx(200,35): error TS2322: Type '{ title: string; icon: react.ForwardRefExoticComponent<any>; color: string; description: string; syntaxCode: string; keyBenefit: string; key: number; }' is not assignable to type '{ title: any; icon: any; color: any; description: any; syntaxCode: any; keyBenefit: any; }'.
  Property 'key' does not exist on type '{ title: any; icon: any; color: any; description: any; syntaxCode: any; keyBenefit: any; }'.
data/css/CssInlineBlock.tsx(131,35): error TS2322: Type '{ title: string; icon: react.ForwardRefExoticComponent<any>; color: string; description: string; syntaxCode: string; key: number; }' is not assignable to type '{ title: any; icon: any; color: any; description: any; syntaxCode: any; }'.
  Property 'key' does not exist on type '{ title: any; icon: any; color: any; description: any; syntaxCode: any; }'.
data/css/CssLinks.tsx(171,35): error TS2322: Type '{ title: string; icon: react.ForwardRefExoticComponent<any>; color: string; description: string; syntaxCode: string; keyBenefit: string; key: number; }' is not assignable to type '{ title: any; icon: any; color: any; description: any; syntaxCode: any; keyBenefit: any; }'.
  Property 'key' does not exist on type '{ title: any; icon: any; color: any; description: any; syntaxCode: any; keyBenefit: any; }'.
data/css/CssLists.tsx(163,35): error TS2322: Type '{ title: string; icon: react.ForwardRefExoticComponent<any>; color: string; description: string; syntaxCode: string; keyBenefit: string; key: number; }' is not assignable to type '{ title: any; icon: any; color: any; description: any; syntaxCode: any; keyBenefit: any; }'.
  Property 'key' does not exist on type '{ title: any; icon: any; color: any; description: any; syntaxCode: any; keyBenefit: any; }'.
data/css/CssMargins.tsx(170,17): error TS2322: Type '{ key: number; title: string; icon: react.ForwardRefExoticComponent<any>; color: string; description: string; syntaxCode: string; keyBenefit: string; }' is not assignable to type '{ title: any; icon: any; color: any; description: any; syntaxCode: any; keyBenefit: any; }'.
  Property 'key' does not exist on type '{ title: any; icon: any; color: any; description: any; syntaxCode: any; keyBenefit: any; }'.
data/css/CssMaxWidth.tsx(251,35): error TS2322: Type '{ title: string; icon: react.ForwardRefExoticComponent<any>; color: string; description: string; syntaxCode: string; keyBenefit: string; key: number; }' is not assignable to type '{ title: any; icon: any; color: any; description: any; syntaxCode: any; keyBenefit: any; }'.
  Property 'key' does not exist on type '{ title: any; icon: any; color: any; description: any; syntaxCode: any; keyBenefit: any; }'.
data/css/CssNavigationBars.tsx(149,34): error TS2322: Type '{ children: any; id: string; title: string; icon: react.ForwardRefExoticComponent<any>; color: string; description: string; htmlCode: string; cssCode: string; visual: any; key: string; }' is not assignable to type '{ title: any; icon: any; color: any; description: any; htmlCode: any; cssCode: any; children: any; }'.
  Property 'key' does not exist on type '{ title: any; icon: any; color: any; description: any; htmlCode: any; cssCode: any; children: any; }'.
data/css/CssOpacity.tsx(118,35): error TS2322: Type '{ id: string; title: string; icon: react.ForwardRefExoticComponent<any>; color: string; description: string; syntaxCode: string; key: string; }' is not assignable to type '{ title: any; icon: any; color: any; description: any; syntaxCode: any; }'.
  Property 'key' does not exist on type '{ title: any; icon: any; color: any; description: any; syntaxCode: any; }'.
data/css/CssOutline.tsx(172,38): error TS2322: Type '{ title: string; icon: react.ForwardRefExoticComponent<any>; color: string; description: string; syntaxCode: string; keyBenefit: string; key: number; }' is not assignable to type '{ title: any; icon: any; color: any; description: any; syntaxCode: any; keyBenefit: any; }'.
  Property 'key' does not exist on type '{ title: any; icon: any; color: any; description: any; syntaxCode: any; keyBenefit: any; }'.
data/css/CssOverflow.tsx(135,17): error TS2322: Type '{ key: number; title: string; icon: react.ForwardRefExoticComponent<any>; color: string; description: string; syntaxCode: string; }' is not assignable to type '{ title: any; icon: any; color: any; description: any; syntaxCode: any; }'.
  Property 'key' does not exist on type '{ title: any; icon: any; color: any; description: any; syntaxCode: any; }'.
data/css/CssPadding.tsx(174,17): error TS2322: Type '{ key: number; title: string; icon: react.ForwardRefExoticComponent<any>; color: string; description: string; syntaxCode: string; keyBenefit: string; }' is not assignable to type '{ title: any; icon: any; color: any; description: any; syntaxCode: any; keyBenefit: any; }'.
  Property 'key' does not exist on type '{ title: any; icon: any; color: any; description: any; syntaxCode: any; keyBenefit: any; }'.
data/css/CssPosition.tsx(297,35): error TS2322: Type '{ title: string; icon: react.ForwardRefExoticComponent<any>; color: string; description: string; syntaxCode: string; keyBenefit: string; key: number; }' is not assignable to type '{ title: any; icon: any; color: any; description: any; syntaxCode: any; keyBenefit: any; }'.
  Property 'key' does not exist on type '{ title: any; icon: any; color: any; description: any; syntaxCode: any; keyBenefit: any; }'.
data/css/CssPseudoClasses.tsx(156,35): error TS2322: Type '{ id: string; title: string; icon: react.ForwardRefExoticComponent<any>; color: string; description: string; syntaxCode: string; key: string; }' is not assignable to type '{ title: any; icon: any; color: any; description: any; syntaxCode: any; }'.
  Property 'key' does not exist on type '{ title: any; icon: any; color: any; description: any; syntaxCode: any; }'.
data/css/CssPseudoElements.tsx(169,35): error TS2322: Type '{ id: string; title: string; icon: react.ForwardRefExoticComponent<any>; color: string; description: string; syntaxCode: string; key: string; }' is not assignable to type '{ title: any; icon: any; color: any; description: any; syntaxCode: any; }'.
  Property 'key' does not exist on type '{ title: any; icon: any; color: any; description: any; syntaxCode: any; }'.
data/css/CssSelectors.tsx(75,19): error TS2741: Property 'title' is missing in type '{ code: any; }' but required in type '{ code: any; language?: string; title: any; style?: {}; }'.
data/css/CssSelectors.tsx(222,14): error TS2741: Property 'badge' is missing in type '{ title: string; icon: react.ForwardRefExoticComponent<any>; color: string; description: string; code: string; }' but required in type '{ title: any; icon: any; color: any; description: any; code: any; badge: any; }'.
data/css/CssSelectors.tsx(300,28): error TS2322: Type '{ title: string; icon: react.ForwardRefExoticComponent<any>; color: string; description: string; syntax: string; code: string; key: number; }' is not assignable to type '{ title: any; icon: any; color: any; description: any; code: any; badge: any; }'.
  Property 'key' does not exist on type '{ title: any; icon: any; color: any; description: any; code: any; badge: any; }'.
data/css/CssSelectors.tsx(327,22): error TS2741: Property 'title' is missing in type '{ code: string; }' but required in type '{ code: any; language?: string; title: any; style?: {}; }'.
data/css/CssSpecificity.tsx(104,17): error TS2322: Type '{ children: any; key: number; title: string; icon: react.ForwardRefExoticComponent<any>; color: string; description: string; score: string; }' is not assignable to type '{ title: any; icon: any; color: any; description: any; score: any; children: any; }'.
  Property 'key' does not exist on type '{ title: any; icon: any; color: any; description: any; score: any; children: any; }'.
data/css/CssSpecificity.tsx(177,14): error TS2741: Property 'score' is missing in type '{ children: any; title: string; icon: react.ForwardRefExoticComponent<any>; color: string; description: string; }' but required in type '{ title: any; icon: any; color: any; description: any; score: any; children: any; }'.
data/css/CssSpecificity.tsx(189,14): error TS2741: Property 'score' is missing in type '{ children: any; title: string; icon: react.ForwardRefExoticComponent<any>; color: string; description: string; }' but required in type '{ title: any; icon: any; color: any; description: any; score: any; children: any; }'.
data/css/CssSyntax.tsx(115,19): error TS2741: Property 'title' is missing in type '{ code: any; }' but required in type '{ code: any; language?: string; title: any; }'.
data/css/CssSyntax.tsx(250,27): error TS2322: Type '{ delay: number; title: string; icon: react.ForwardRefExoticComponent<any>; color: string; description: string; key: number; }' is not assignable to type '{ title: any; icon: any; description: any; color: any; delay: any; }'.
  Property 'key' does not exist on type '{ title: any; icon: any; description: any; color: any; delay: any; }'.
data/css/CssSyntax.tsx(265,14): error TS2741: Property 'badge' is missing in type '{ title: string; icon: react.ForwardRefExoticComponent<any>; color: string; description: string; code: string; }' but required in type '{ title: any; icon: any; color: any; description: any; code: any; badge: any; }'.
data/css/CssSyntax.tsx(280,14): error TS2741: Property 'badge' is missing in type '{ title: string; icon: react.ForwardRefExoticComponent<any>; color: string; description: string; code: string; }' but required in type '{ title: any; icon: any; color: any; description: any; code: any; badge: any; }'.
data/css/CssSyntax.tsx(302,17): error TS2322: Type '{ key: number; label: string; icon: any; isActive: boolean; onClick: () => any; }' is not assignable to type '{ label: any; icon: any; isActive: any; onClick: any; }'.
  Property 'key' does not exist on type '{ label: any; icon: any; isActive: any; onClick: any; }'.
data/css/CssTables.tsx(191,35): error TS2322: Type '{ title: string; icon: react.ForwardRefExoticComponent<any>; color: string; description: string; syntaxCode: string; keyBenefit: string; key: number; }' is not assignable to type '{ title: any; icon: any; color: any; description: any; syntaxCode: any; keyBenefit: any; }'.
  Property 'key' does not exist on type '{ title: any; icon: any; color: any; description: any; syntaxCode: any; keyBenefit: any; }'.
data/css/CssTables.tsx(296,37): error TS2322: Type '{ title: string; icon: react.ForwardRefExoticComponent<any>; color: string; description: string; syntaxCode: string; keyBenefit: string; key: number; }' is not assignable to type '{ title: any; icon: any; color: any; description: any; syntaxCode: any; keyBenefit: any; }'.
  Property 'key' does not exist on type '{ title: any; icon: any; color: any; description: any; syntaxCode: any; keyBenefit: any; }'.
data/css/CssText.tsx(192,33): error TS2322: Type '{ title: string; icon: react.ForwardRefExoticComponent<any>; color: string; description: string; syntaxCode: string; keyBenefit: string; key: number; }' is not assignable to type '{ title: any; icon: any; color: any; description: any; syntaxCode: any; keyBenefit: any; }'.
  Property 'key' does not exist on type '{ title: any; icon: any; color: any; description: any; syntaxCode: any; keyBenefit: any; }'.
data/css/CssText.tsx(307,33): error TS2322: Type '{ title: string; icon: react.ForwardRefExoticComponent<any>; color: string; description: string; syntaxCode: string; keyBenefit: string; key: number; }' is not assignable to type '{ title: any; icon: any; color: any; description: any; syntaxCode: any; keyBenefit: any; }'.
  Property 'key' does not exist on type '{ title: any; icon: any; color: any; description: any; syntaxCode: any; keyBenefit: any; }'.
data/exercises/exerciseData.tsx(141,14): error TS2739: Type '{ html: { component: React.FC; }; css: { component: React.FC; }; js: { component: React.FC; }; sql: { component: React.FC; }; python: { component: React.FC; }; }' is missing the following properties from type '{ html: { component: React.FC<any>; }; css: { component: React.FC<any>; }; js: { component: React.FC<any>; }; sql: { component: React.FC<any>; }; python: { component: React.FC<any>; }; numpy: { component: React.FC<any>; }; pandas: { component: React.FC<any>; }; matplotlib: { ...; }; seaborn: { ...; }; }': numpy, pandas, matplotlib, seaborn
data/numpy/NumpyIntro.tsx(822,23): error TS2322: Type '{ title: string; colorClass: string; operator: string; description: string; syntax: string; code: string; visTitle: string; visualization: any; key: number; }' is not assignable to type '{ title: any; colorClass: any; operator: any; description: any; syntax: any; visualization: any; code: any; visTitle: any; }'.
  Property 'key' does not exist on type '{ title: any; colorClass: any; operator: any; description: any; syntax: any; visualization: any; code: any; visTitle: any; }'.
data/numpy/NumpyIntro.tsx(832,23): error TS2322: Type '{ title: string; colorClass: string; operator: string; description: string; syntax: string; code: string; visTitle: string; visualization: any; key: number; }' is not assignable to type '{ title: any; colorClass: any; operator: any; description: any; syntax: any; visualization: any; code: any; visTitle: any; }'.
  Property 'key' does not exist on type '{ title: any; colorClass: any; operator: any; description: any; syntax: any; visualization: any; code: any; visTitle: any; }'.
data/numpy/NumpyIntro.tsx(842,23): error TS2322: Type '{ title: string; colorClass: string; operator: string; description: string; syntax: string; code: string; visTitle: string; visualization: any; key: number; }' is not assignable to type '{ title: any; colorClass: any; operator: any; description: any; syntax: any; visualization: any; code: any; visTitle: any; }'.
  Property 'key' does not exist on type '{ title: any; colorClass: any; operator: any; description: any; syntax: any; visualization: any; code: any; visTitle: any; }'.
data/numpy/NumpyIntro.tsx(852,23): error TS2322: Type '{ title: string; colorClass: string; operator: string; description: string; syntax: string; code: string; visTitle: string; visualization: any; key: number; }' is not assignable to type '{ title: any; colorClass: any; operator: any; description: any; syntax: any; visualization: any; code: any; visTitle: any; }'.
  Property 'key' does not exist on type '{ title: any; colorClass: any; operator: any; description: any; syntax: any; visualization: any; code: any; visTitle: any; }'.
data/numpy/NumpyIntro.tsx(862,23): error TS2322: Type '{ title: string; colorClass: string; operator: string; description: string; syntax: string; code: string; visTitle: string; visualization: any; key: number; }' is not assignable to type '{ title: any; colorClass: any; operator: any; description: any; syntax: any; visualization: any; code: any; visTitle: any; }'.
  Property 'key' does not exist on type '{ title: any; colorClass: any; operator: any; description: any; syntax: any; visualization: any; code: any; visTitle: any; }'.
data/numpy/NumpyIntro.tsx(872,23): error TS2322: Type '{ title: string; colorClass: string; operator: string; description: string; syntax: string; code: string; visTitle: string; visualization: any; key: number; }' is not assignable to type '{ title: any; colorClass: any; operator: any; description: any; syntax: any; visualization: any; code: any; visTitle: any; }'.
  Property 'key' does not exist on type '{ title: any; colorClass: any; operator: any; description: any; syntax: any; visualization: any; code: any; visTitle: any; }'.
data/references/referenceData.tsx(30,14): error TS2739: Type '{ html: { component: React.FC<ReferenceProps>; }; css: { component: React.FC<ReferenceProps>; }; js: { component: React.FC<ReferenceProps>; }; sql: { component: React.FC<ReferenceProps>; }; python: { ...; }; }' is missing the following properties from type '{ html: { component: React.FC<any>; }; css: { component: React.FC<any>; }; js: { component: React.FC<any>; }; sql: { component: React.FC<any>; }; python: { component: React.FC<any>; }; numpy: { component: React.FC<any>; }; pandas: { component: React.FC<any>; }; matplotlib: { ...; }; seaborn: { ...; }; }': numpy, pandas, matplotlib, seaborn
